Archive member included to satisfy reference by file (symbol)

/home/francisco/Workspace/riot_unity/tests/xtimer/bin/samr21-xpro/core.a(sched.o)
                              /home/francisco/Workspace/riot_unity/tests/xtimer/bin/samr21-xpro/newlib_syscalls_default/syscalls.o (sched_active_pid)
/home/francisco/Workspace/riot_unity/tests/xtimer/bin/samr21-xpro/core.a(bitarithm.o)
                              /home/francisco/Workspace/riot_unity/tests/xtimer/bin/samr21-xpro/core.a(sched.o) (bitarithm_lsb)
/home/francisco/Workspace/riot_unity/tests/xtimer/bin/samr21-xpro/cortexm_common.a(thread_arch.o)
                              /home/francisco/Workspace/riot_unity/tests/xtimer/bin/samr21-xpro/core.a(sched.o) (cpu_switch_context_exit)
/home/francisco/Workspace/riot_unity/tests/xtimer/bin/samr21-xpro/cortexm_common.a(vectors_cortexm.o)
                              /home/francisco/Workspace/riot_unity/tests/xtimer/bin/samr21-xpro/cpu/vectors.o (dummy_handler_default)
/home/francisco/Workspace/riot_unity/tests/xtimer/bin/samr21-xpro/cortexm_common.a(irq_arch.o)
                              /home/francisco/Workspace/riot_unity/tests/xtimer/bin/samr21-xpro/newlib_syscalls_default/syscalls.o (irq_disable)
/home/francisco/Workspace/riot_unity/tests/xtimer/bin/samr21-xpro/div.a(div.o)
                              /home/francisco/Workspace/riot_unity/tests/xtimer/bin/samr21-xpro/newlib_syscalls_default/syscalls.o (_div_mulhi64)
/home/francisco/Workspace/riot_unity/tests/xtimer/bin/samr21-xpro/pm_layered.a(pm.o)
                              /home/francisco/Workspace/riot_unity/tests/xtimer/bin/samr21-xpro/newlib_syscalls_default/syscalls.o (pm_off)
/home/francisco/Workspace/riot_unity/tests/xtimer/bin/samr21-xpro/uart_stdio.a(uart_stdio.o)
                              /home/francisco/Workspace/riot_unity/tests/xtimer/bin/samr21-xpro/newlib_syscalls_default/syscalls.o (uart_stdio_init)
/home/francisco/Workspace/riot_unity/tests/xtimer/bin/samr21-xpro/xtimer.a(xtimer_core.o)
                              /home/francisco/Workspace/riot_unity/tests/xtimer/bin/samr21-xpro/newlib_syscalls_default/syscalls.o (_xtimer_now64)
/home/francisco/Workspace/riot_unity/tests/xtimer/bin/samr21-xpro/board.a(board.o)
                              /home/francisco/Workspace/riot_unity/tests/xtimer/bin/samr21-xpro/cortexm_common.a(vectors_cortexm.o) (board_init)
/home/francisco/Workspace/riot_unity/tests/xtimer/bin/samr21-xpro/core.a(panic.o)
                              /home/francisco/Workspace/riot_unity/tests/xtimer/bin/samr21-xpro/cortexm_common.a(vectors_cortexm.o) (core_panic)
/home/francisco/Workspace/riot_unity/tests/xtimer/bin/samr21-xpro/core.a(kernel_init.o)
                              /home/francisco/Workspace/riot_unity/tests/xtimer/bin/samr21-xpro/cortexm_common.a(vectors_cortexm.o) (kernel_init)
/home/francisco/Workspace/riot_unity/tests/xtimer/bin/samr21-xpro/core.a(thread.o)
                              /home/francisco/Workspace/riot_unity/tests/xtimer/bin/samr21-xpro/core.a(kernel_init.o) (thread_create)
/home/francisco/Workspace/riot_unity/tests/xtimer/bin/samr21-xpro/cpu.a(cpu.o)
                              /home/francisco/Workspace/riot_unity/tests/xtimer/bin/samr21-xpro/board.a(board.o) (cpu_init)
/home/francisco/Workspace/riot_unity/tests/xtimer/bin/samr21-xpro/isrpipe.a(isrpipe.o)
                              /home/francisco/Workspace/riot_unity/tests/xtimer/bin/samr21-xpro/uart_stdio.a(uart_stdio.o) (isrpipe_write_one)
/home/francisco/Workspace/riot_unity/tests/xtimer/bin/samr21-xpro/periph.a(pm.o)
                              /home/francisco/Workspace/riot_unity/tests/xtimer/bin/samr21-xpro/pm_layered.a(pm.o) (pm_set)
/home/francisco/Workspace/riot_unity/tests/xtimer/bin/samr21-xpro/periph.a(timer.o)
                              /home/francisco/Workspace/riot_unity/tests/xtimer/bin/samr21-xpro/xtimer.a(xtimer_core.o) (timer_set_absolute)
/home/francisco/Workspace/riot_unity/tests/xtimer/bin/samr21-xpro/sam0_common_periph.a(uart.o)
                              /home/francisco/Workspace/riot_unity/tests/xtimer/bin/samr21-xpro/uart_stdio.a(uart_stdio.o) (uart_init)
/home/francisco/Workspace/riot_unity/tests/xtimer/bin/samr21-xpro/sam0_common_periph.a(gpio.o)
                              /home/francisco/Workspace/riot_unity/tests/xtimer/bin/samr21-xpro/sam0_common_periph.a(uart.o) (gpio_init_mux)
/home/francisco/Workspace/riot_unity/tests/xtimer/bin/samr21-xpro/tsrb.a(tsrb.o)
                              /home/francisco/Workspace/riot_unity/tests/xtimer/bin/samr21-xpro/isrpipe.a(isrpipe.o) (tsrb_get)
/home/francisco/Workspace/riot_unity/tests/xtimer/bin/samr21-xpro/unity.a(auto_main.o)
                              /home/francisco/Workspace/riot_unity/tests/xtimer/bin/samr21-xpro/core.a(kernel_init.o) (main)
/home/francisco/Workspace/riot_unity/tests/xtimer/bin/samr21-xpro/unity.a(unity.o)
[...]
Memory Configuration

Name             Origin             Length             Attributes
rom              0x00000000         0x00040000         xr
ram              0x20000000         0x00008000         xrw
*default*        0x00000000         0xffffffff

Linker script and memory map

LOAD /home/francisco/Workspace/riot_unity/tests/xtimer/bin/samr21-xpro/cpu/vectors.o
LOAD /home/francisco/Workspace/riot_unity/tests/xtimer/bin/samr21-xpro/newlib_syscalls_default/syscalls.o
START GROUP
LOAD /home/francisco/Workspace/riot_unity/tests/xtimer/bin/samr21-xpro/unity.a
LOAD /home/francisco/Workspace/riot_unity/tests/xtimer/bin/samr21-xpro/auto_init.a
LOAD /home/francisco/Workspace/riot_unity/tests/xtimer/bin/samr21-xpro/board.a
LOAD /home/francisco/Workspace/riot_unity/tests/xtimer/bin/samr21-xpro/cmock.a
LOAD /home/francisco/Workspace/riot_unity/tests/xtimer/bin/samr21-xpro/core.a
LOAD /home/francisco/Workspace/riot_unity/tests/xtimer/bin/samr21-xpro/cortexm_common.a
LOAD /home/francisco/Workspace/riot_unity/tests/xtimer/bin/samr21-xpro/cortexm_common_periph.a
LOAD /home/francisco/Workspace/riot_unity/tests/xtimer/bin/samr21-xpro/cpu.a
LOAD /home/francisco/Workspace/riot_unity/tests/xtimer/bin/samr21-xpro/div.a
LOAD /home/francisco/Workspace/riot_unity/tests/xtimer/bin/samr21-xpro/isrpipe.a
LOAD /home/francisco/Workspace/riot_unity/tests/xtimer/bin/samr21-xpro/newlib_syscalls_default.a
LOAD /home/francisco/Workspace/riot_unity/tests/xtimer/bin/samr21-xpro/periph.a
LOAD /home/francisco/Workspace/riot_unity/tests/xtimer/bin/samr21-xpro/pm_layered.a
LOAD /home/francisco/Workspace/riot_unity/tests/xtimer/bin/samr21-xpro/sam0_common_periph.a
LOAD /home/francisco/Workspace/riot_unity/tests/xtimer/bin/samr21-xpro/sys.a
LOAD /home/francisco/Workspace/riot_unity/tests/xtimer/bin/samr21-xpro/tsrb.a
LOAD /home/francisco/Workspace/riot_unity/tests/xtimer/bin/samr21-xpro/uart_stdio.a
LOAD /home/francisco/Workspace/riot_unity/tests/xtimer/bin/samr21-xpro/unity.a
LOAD /home/francisco/Workspace/riot_unity/tests/xtimer/bin/samr21-xpro/xtimer.a
LOAD /home/francisco/Workspace/riot_unity/tests/xtimer/bin/samr21-xpro/periph_common.a
LOAD /home/francisco/gcc-arm-none-eabi-5_4-2016q3/bin/../lib/gcc/arm-none-eabi/5.4.1/../../../../arm-none-eabi/lib/armv6-m/libm.a
END GROUP
LOAD /home/francisco/gcc-arm-none-eabi-5_4-2016q3/bin/../lib/gcc/arm-none-eabi/5.4.1/armv6-m/libgcc.a
                0x00000000                _rom_start_addr = 0x0
                0x20000000                _ram_start_addr = 0x20000000
                0x00040000                _rom_length = 0x40000
                0x00008000                _ram_length = 0x8000
LOAD /home/francisco/gcc-arm-none-eabi-5_4-2016q3/bin/../lib/gcc/arm-none-eabi/5.4.1/../../../../arm-none-eabi/lib/armv6-m/libc_nano.a
LOAD /home/francisco/gcc-arm-none-eabi-5_4-2016q3/bin/../lib/gcc/arm-none-eabi/5.4.1/../../../../arm-none-eabi/lib/armv6-m/libnosys.a
START GROUP
LOAD /home/francisco/gcc-arm-none-eabi-5_4-2016q3/bin/../lib/gcc/arm-none-eabi/5.4.1/armv6-m/libgcc.a
LOAD /home/francisco/gcc-arm-none-eabi-5_4-2016q3/bin/../lib/gcc/arm-none-eabi/5.4.1/../../../../arm-none-eabi/lib/armv6-m/libg_nano.a
LOAD /home/francisco/gcc-arm-none-eabi-5_4-2016q3/bin/../lib/gcc/arm-none-eabi/5.4.1/../../../../arm-none-eabi/lib/armv6-m/libc_nano.a
END GROUP
START GROUP
LOAD /home/francisco/gcc-arm-none-eabi-5_4-2016q3/bin/../lib/gcc/arm-none-eabi/5.4.1/armv6-m/libgcc.a
LOAD /home/francisco/gcc-arm-none-eabi-5_4-2016q3/bin/../lib/gcc/arm-none-eabi/5.4.1/../../../../arm-none-eabi/lib/armv6-m/libc_nano.a
END GROUP
                0x00000000                _boot_offset = DEFINED (_rom_offset)?_rom_offset:0x0

.text           0x00000000     0x3ec4
                0x00000000                . = ALIGN (0x4)
                0x00000000                _sfixed = .
                0x00000000                _isr_vectors = DEFINED (_isr_vectors)?_isr_vectors:.
 *(SORT(.vectors*))
 .vectors.0     0x00000000       0x40 /home/francisco/Workspace/riot_unity/tests/xtimer/bin/samr21-xpro/cortexm_common.a(vectors_cortexm.o)
                0x00000000                cortex_vector_base
 .vectors.1     0x00000040       0x70 /home/francisco/Workspace/riot_unity/tests/xtimer/bin/samr21-xpro/cpu/vectors.o
                0x00000040                vector_cpu
 *(.text .text.* .gnu.linkonce.t.*)
 .text.dummy_handler
                0x000000b0        0x8 /home/francisco/Workspace/riot_unity/tests/xtimer/bin/samr21-xpro/cpu/vectors.o
                0x000000b0                isr_evsys
                0x000000b0                isr_dac
                0x000000b0                isr_tc6
                0x000000b0                isr_ptc
                0x000000b0                isr_dmac
                0x000000b0                isr_tc7
                0x000000b0                isr_sysctrl
                0x000000b0                isr_tcc0
                0x000000b0                isr_pm
                0x000000b0                isr_tc5
                0x000000b0                dummy_handler
                0x000000b0                isr_adc
                0x000000b0                isr_wdt
                0x000000b0                isr_sercom3
                0x000000b0                isr_ac
                0x000000b0                isr_tcc2
                0x000000b0                isr_i2c
                0x000000b0                isr_rtc
                0x000000b0                isr_usb
                0x000000b0                isr_sercom2
                0x000000b0                isr_sercom4
                0x000000b0                isr_nvmctrl
                0x000000b0                isr_tcc1
                0x000000b0                isr_sercom1
 .text._init    0x000000b8        0x8 /home/francisco/Workspace/riot_unity/tests/xtimer/bin/samr21-xpro/newlib_syscalls_default/syscalls.o
                0x000000b8                _init
 .text._fini    0x000000c0        0x2 /home/francisco/Workspace/riot_unity/tests/xtimer/bin/samr21-xpro/newlib_syscalls_default/syscalls.o
                0x000000c0                _fini
 *fill*         0x000000c2        0x2 
 .text._sbrk_r  0x000000c4       0x3c /home/francisco/Workspace/riot_unity/tests/xtimer/bin/samr21-xpro/newlib_syscalls_default/syscalls.o
                0x000000c4                _sbrk_r
 .text._read_r  0x00000100        0xc /home/francisco/Workspace/riot_unity/tests/xtimer/bin/samr21-xpro/newlib_syscalls_default/syscalls.o
                0x00000100                _read_r
 .text._write_r
                0x0000010c        0xc /home/francisco/Workspace/riot_unity/tests/xtimer/bin/samr21-xpro/newlib_syscalls_default/syscalls.o
                0x0000010c                _write_r
 .text._close_r
                0x00000118        0xa /home/francisco/Workspace/riot_unity/tests/xtimer/bin/samr21-xpro/newlib_syscalls_default/syscalls.o
                0x00000118                _close_r
 .text._lseek_r
                0x00000122        0xa /home/francisco/Workspace/riot_unity/tests/xtimer/bin/samr21-xpro/newlib_syscalls_default/syscalls.o
                0x00000122                _lseek_r
 .text._fstat_r
                0x0000012c        0xa /home/francisco/Workspace/riot_unity/tests/xtimer/bin/samr21-xpro/newlib_syscalls_default/syscalls.o
                0x0000012c                _fstat_r
 .text._isatty_r
                0x00000136        0xe /home/francisco/Workspace/riot_unity/tests/xtimer/bin/samr21-xpro/newlib_syscalls_default/syscalls.o
                0x00000136                _isatty_r
 .text.sched_run
                0x00000144       0x58 /home/francisco/Workspace/riot_unity/tests/xtimer/bin/samr21-xpro/core.a(sched.o)
                0x00000144                sched_run
 .text.sched_set_status
                0x0000019c       0x7c /home/francisco/Workspace/riot_unity/tests/xtimer/bin/samr21-xpro/core.a(sched.o)
                0x0000019c                sched_set_status
 .text.sched_switch
                0x00000218       0x30 /home/francisco/Workspace/riot_unity/tests/xtimer/bin/samr21-xpro/core.a(sched.o)
                0x00000218                sched_switch
 .text.sched_task_exit
                0x00000248       0x3c /home/francisco/Workspace/riot_unity/tests/xtimer/bin/samr21-xpro/core.a(sched.o)
                0x00000248                sched_task_exit
 .text.bitarithm_lsb
                0x00000284       0x12 /home/francisco/Workspace/riot_unity/tests/xtimer/bin/samr21-xpro/core.a(bitarithm.o)
                0x00000284                bitarithm_lsb
 *fill*         0x00000296        0x2 
 .text.thread_stack_init
                0x00000298       0x90 /home/francisco/Workspace/riot_unity/tests/xtimer/bin/samr21-xpro/cortexm_common.a(thread_arch.o)
                0x00000298                thread_stack_init
 .text.cpu_switch_context_exit
                0x00000328        0x8 /home/francisco/Workspace/riot_unity/tests/xtimer/bin/samr21-xpro/cortexm_common.a(thread_arch.o)
                0x00000328                cpu_switch_context_exit
 .text.thread_yield_higher
                0x00000330       0x14 /home/francisco/Workspace/riot_unity/tests/xtimer/bin/samr21-xpro/cortexm_common.a(thread_arch.o)
                0x00000330                thread_yield_higher
 .text.isr_pendsv
                0x00000344       0x28 /home/francisco/Workspace/riot_unity/tests/xtimer/bin/samr21-xpro/cortexm_common.a(thread_arch.o)
                0x00000344                isr_pendsv
 .text.isr_svc  0x0000036c       0x2c /home/francisco/Workspace/riot_unity/tests/xtimer/bin/samr21-xpro/cortexm_common.a(thread_arch.o)
                0x0000036c                isr_svc
 .text.hard_fault_default
                0x00000398       0x4c /home/francisco/Workspace/riot_unity/tests/xtimer/bin/samr21-xpro/cortexm_common.a(vectors_cortexm.o)
                0x00000398                hard_fault_default
 .text.nmi_default
                0x000003e4       0x10 /home/francisco/Workspace/riot_unity/tests/xtimer/bin/samr21-xpro/cortexm_common.a(vectors_cortexm.o)
                0x000003e4                nmi_default
 .text.dummy_handler_default
                0x000003f4       0x10 /home/francisco/Workspace/riot_unity/tests/xtimer/bin/samr21-xpro/cortexm_common.a(vectors_cortexm.o)
                0x000003f4                dummy_handler_default
                0x000003f4                isr_systick
 .text.pre_startup
                0x00000404        0x2 /home/francisco/Workspace/riot_unity/tests/xtimer/bin/samr21-xpro/cortexm_common.a(vectors_cortexm.o)
                0x00000404                pre_startup
 .text.post_startup
                0x00000406        0x2 /home/francisco/Workspace/riot_unity/tests/xtimer/bin/samr21-xpro/cortexm_common.a(vectors_cortexm.o)
                0x00000406                post_startup
 .text.reset_handler_default
                0x00000408       0x68 /home/francisco/Workspace/riot_unity/tests/xtimer/bin/samr21-xpro/cortexm_common.a(vectors_cortexm.o)
                0x00000408                reset_handler_default
 .text.hard_fault_handler
                0x00000470      0x118 /home/francisco/Workspace/riot_unity/tests/xtimer/bin/samr21-xpro/cortexm_common.a(vectors_cortexm.o)
                0x00000470                hard_fault_handler
 .text.irq_disable
                0x00000588        0x8 /home/francisco/Workspace/riot_unity/tests/xtimer/bin/samr21-xpro/cortexm_common.a(irq_arch.o)
                0x00000588                irq_disable
 .text.irq_enable
                0x00000590        0x8 /home/francisco/Workspace/riot_unity/tests/xtimer/bin/samr21-xpro/cortexm_common.a(irq_arch.o)
                0x00000590                irq_enable
 .text.irq_restore
                0x00000598        0x6 /home/francisco/Workspace/riot_unity/tests/xtimer/bin/samr21-xpro/cortexm_common.a(irq_arch.o)
                0x00000598                irq_restore
 .text.irq_is_in
                0x0000059e        0x8 /home/francisco/Workspace/riot_unity/tests/xtimer/bin/samr21-xpro/cortexm_common.a(irq_arch.o)
                0x0000059e                irq_is_in
 *fill*         0x000005a6        0x2 
 .text.pm_set_lowest
                0x000005a8       0x44 /home/francisco/Workspace/riot_unity/tests/xtimer/bin/samr21-xpro/pm_layered.a(pm.o)
                0x000005a8                pm_set_lowest
 .text.pm_off   0x000005ec       0x14 /home/francisco/Workspace/riot_unity/tests/xtimer/bin/samr21-xpro/pm_layered.a(pm.o)
                0x000005ec                pm_off
 .text.uart_stdio_init
                0x00000600       0x1c /home/francisco/Workspace/riot_unity/tests/xtimer/bin/samr21-xpro/uart_stdio.a(uart_stdio.o)
                0x00000600                uart_stdio_init
 .text.uart_stdio_read
                0x0000061c       0x14 /home/francisco/Workspace/riot_unity/tests/xtimer/bin/samr21-xpro/uart_stdio.a(uart_stdio.o)
                0x0000061c                uart_stdio_read
 .text.uart_stdio_write
                0x00000630       0x12 /home/francisco/Workspace/riot_unity/tests/xtimer/bin/samr21-xpro/uart_stdio.a(uart_stdio.o)
                0x00000630                uart_stdio_write
 .text._xtimer_lltimer_now
                0x00000642        0xa /home/francisco/Workspace/riot_unity/tests/xtimer/bin/samr21-xpro/xtimer.a(xtimer_core.o)
 .text._lltimer_set
                0x0000064c       0x18 /home/francisco/Workspace/riot_unity/tests/xtimer/bin/samr21-xpro/xtimer.a(xtimer_core.o)
 .text._add_timer_to_long_list.constprop.4
                0x00000664       0x30 /home/francisco/Workspace/riot_unity/tests/xtimer/bin/samr21-xpro/xtimer.a(xtimer_core.o)
 .text._next_period
                0x00000694       0x9c /home/francisco/Workspace/riot_unity/tests/xtimer/bin/samr21-xpro/xtimer.a(xtimer_core.o)
 .text._periph_timer_callback
                0x00000730       0xc0 /home/francisco/Workspace/riot_unity/tests/xtimer/bin/samr21-xpro/xtimer.a(xtimer_core.o)
 .text._remove  0x000007f0       0x68 /home/francisco/Workspace/riot_unity/tests/xtimer/bin/samr21-xpro/xtimer.a(xtimer_core.o)
 .text.xtimer_init
                0x00000858       0x20 /home/francisco/Workspace/riot_unity/tests/xtimer/bin/samr21-xpro/xtimer.a(xtimer_core.o)
                0x00000858                xtimer_init
 .text._xtimer_now64
                0x00000878       0x28 /home/francisco/Workspace/riot_unity/tests/xtimer/bin/samr21-xpro/xtimer.a(xtimer_core.o)
                0x00000878                _xtimer_now64
 .text._xtimer_set_absolute
                0x000008a0       0xc8 /home/francisco/Workspace/riot_unity/tests/xtimer/bin/samr21-xpro/xtimer.a(xtimer_core.o)
                0x000008a0                _xtimer_set_absolute
 .text.xtimer_remove
                0x00000968       0x26 /home/francisco/Workspace/riot_unity/tests/xtimer/bin/samr21-xpro/xtimer.a(xtimer_core.o)
                0x00000968                xtimer_remove
 .text._xtimer_set
                0x0000098e       0x3a /home/francisco/Workspace/riot_unity/tests/xtimer/bin/samr21-xpro/xtimer.a(xtimer_core.o)
                0x0000098e                _xtimer_set
 .text._xtimer_set64
                0x000009c8       0x64 /home/francisco/Workspace/riot_unity/tests/xtimer/bin/samr21-xpro/xtimer.a(xtimer_core.o)
                0x000009c8                _xtimer_set64
 .text.board_init
                0x00000a2c       0x14 /home/francisco/Workspace/riot_unity/tests/xtimer/bin/samr21-xpro/board.a(board.o)
                0x00000a2c                board_init
 .text.panic_arch
                0x00000a40        0x2 /home/francisco/Workspace/riot_unity/tests/xtimer/bin/samr21-xpro/core.a(panic.o)
                0x00000a40                panic_arch
 *fill*         0x00000a42        0x2 
 .text.core_panic
                0x00000a44       0x48 /home/francisco/Workspace/riot_unity/tests/xtimer/bin/samr21-xpro/core.a(panic.o)
                0x00000a44                core_panic
 .text.main_trampoline
                0x00000a8c       0x18 /home/francisco/Workspace/riot_unity/tests/xtimer/bin/samr21-xpro/core.a(kernel_init.o)
 .text.idle_thread
                0x00000aa4        0x8 /home/francisco/Workspace/riot_unity/tests/xtimer/bin/samr21-xpro/core.a(kernel_init.o)
 .text.kernel_init
                0x00000aac       0x58 /home/francisco/Workspace/riot_unity/tests/xtimer/bin/samr21-xpro/core.a(kernel_init.o)
                0x00000aac                kernel_init
 .text.thread_yield
                0x00000b04       0x34 /home/francisco/Workspace/riot_unity/tests/xtimer/bin/samr21-xpro/core.a(thread.o)
                0x00000b04                thread_yield
 .text.thread_add_to_list
                0x00000b38       0x34 /home/francisco/Workspace/riot_unity/tests/xtimer/bin/samr21-xpro/core.a(thread.o)
                0x00000b38                thread_add_to_list
 .text.thread_create
                0x00000b6c       0xf4 /home/francisco/Workspace/riot_unity/tests/xtimer/bin/samr21-xpro/core.a(thread.o)
                0x00000b6c                thread_create
 .text.cpu_init
                0x00000c60      0x104 /home/francisco/Workspace/riot_unity/tests/xtimer/bin/samr21-xpro/cpu.a(cpu.o)
                0x00000c60                cpu_init
 .text.isrpipe_write_one
                0x00000d64       0x16 /home/francisco/Workspace/riot_unity/tests/xtimer/bin/samr21-xpro/isrpipe.a(isrpipe.o)
                0x00000d64                isrpipe_write_one
 .text.isrpipe_read
                0x00000d7a       0x22 /home/francisco/Workspace/riot_unity/tests/xtimer/bin/samr21-xpro/isrpipe.a(isrpipe.o)
                0x00000d7a                isrpipe_read
 .text.pm_set   0x00000d9c       0x48 /home/francisco/Workspace/riot_unity/tests/xtimer/bin/samr21-xpro/periph.a(pm.o)
                0x00000d9c                pm_set
 .text.timer_set_absolute
                0x00000de4       0x80 /home/francisco/Workspace/riot_unity/tests/xtimer/bin/samr21-xpro/periph.a(timer.o)
                0x00000de4                timer_set_absolute
 .text.timer_read
                0x00000e64       0x40 /home/francisco/Workspace/riot_unity/tests/xtimer/bin/samr21-xpro/periph.a(timer.o)
                0x00000e64                timer_read
 .text.timer_start
                0x00000ea4       0x20 /home/francisco/Workspace/riot_unity/tests/xtimer/bin/samr21-xpro/periph.a(timer.o)
                0x00000ea4                timer_start
 .text.timer_init
                0x00000ec4       0xf0 /home/francisco/Workspace/riot_unity/tests/xtimer/bin/samr21-xpro/periph.a(timer.o)
                0x00000ec4                timer_init
 .text.isr_tc3  0x00000fb4       0x68 /home/francisco/Workspace/riot_unity/tests/xtimer/bin/samr21-xpro/periph.a(timer.o)
                0x00000fb4                isr_tc3
 .text.isr_tc4  0x0000101c       0x68 /home/francisco/Workspace/riot_unity/tests/xtimer/bin/samr21-xpro/periph.a(timer.o)
                0x0000101c                isr_tc4
 .text.irq_handler
                0x00001084       0x48 /home/francisco/Workspace/riot_unity/tests/xtimer/bin/samr21-xpro/sam0_common_periph.a(uart.o)
 .text.uart_init
                0x000010cc      0x18c /home/francisco/Workspace/riot_unity/tests/xtimer/bin/samr21-xpro/sam0_common_periph.a(uart.o)
                0x000010cc                uart_init
 .text.uart_write
                0x00001258       0x30 /home/francisco/Workspace/riot_unity/tests/xtimer/bin/samr21-xpro/sam0_common_periph.a(uart.o)
                0x00001258                uart_write
 .text.isr_sercom0
                0x00001288        0xa /home/francisco/Workspace/riot_unity/tests/xtimer/bin/samr21-xpro/sam0_common_periph.a(uart.o)
                0x00001288                isr_sercom0
 .text.isr_sercom5
                0x00001292        0xa /home/francisco/Workspace/riot_unity/tests/xtimer/bin/samr21-xpro/sam0_common_periph.a(uart.o)
                0x00001292                isr_sercom5
 .text.gpio_init_mux
                0x0000129c       0x38 /home/francisco/Workspace/riot_unity/tests/xtimer/bin/samr21-xpro/sam0_common_periph.a(gpio.o)
                0x0000129c                gpio_init_mux
 .text.gpio_init
                0x000012d4       0x40 /home/francisco/Workspace/riot_unity/tests/xtimer/bin/samr21-xpro/sam0_common_periph.a(gpio.o)
                0x000012d4                gpio_init
 .text.gpio_set
                0x00001314       0x10 /home/francisco/Workspace/riot_unity/tests/xtimer/bin/samr21-xpro/sam0_common_periph.a(gpio.o)
                0x00001314                gpio_set
 .text.isr_eic  0x00001324       0x40 /home/francisco/Workspace/riot_unity/tests/xtimer/bin/samr21-xpro/sam0_common_periph.a(gpio.o)
                0x00001324                isr_eic
 .text.tsrb_get
                0x00001364       0x2c /home/francisco/Workspace/riot_unity/tests/xtimer/bin/samr21-xpro/tsrb.a(tsrb.o)
                0x00001364                tsrb_get
 .text.tsrb_add_one
                0x00001390       0x26 /home/francisco/Workspace/riot_unity/tests/xtimer/bin/samr21-xpro/tsrb.a(tsrb.o)
                0x00001390                tsrb_add_one
 *fill*         0x000013b6        0x2 
 .text.startup.main
                0x000013b8      0x370 /home/francisco/Workspace/riot_unity/tests/xtimer/bin/samr21-xpro/unity.a(auto_main.o)
                0x000013b8                main
 .text.__sputc_r
                0x00001728       0x2a /home/francisco/Workspace/riot_unity/tests/xtimer/bin/samr21-xpro/unity.a(unity.o)
 .text.suiteSetUp
                0x00001752        0x2 /home/francisco/Workspace/riot_unity/tests/xtimer/bin/samr21-xpro/unity.a(unity.o)
                0x00001752                suiteSetUp
 .text.suiteTearDown
                0x00001754        0x2 /home/francisco/Workspace/riot_unity/tests/xtimer/bin/samr21-xpro/unity.a(unity.o)
                0x00001754                suiteTearDown
 *fill*         0x00001756        0x2 
 .text.UnityPrintNumberUnsigned
                0x00001758       0x48 /home/francisco/Workspace/riot_unity/tests/xtimer/bin/samr21-xpro/unity.a(unity.o)
                0x00001758                UnityPrintNumberUnsigned
 .text.UnityPrintNumber
                0x000017a0       0x20 /home/francisco/Workspace/riot_unity/tests/xtimer/bin/samr21-xpro/unity.a(unity.o)
                0x000017a0                UnityPrintNumber
 .text.UnityPrintNumberHex
                0x000017c0       0x3c /home/francisco/Workspace/riot_unity/tests/xtimer/bin/samr21-xpro/unity.a(unity.o)
                0x000017c0                UnityPrintNumberHex
 .text.UnityPrint
                0x000017fc       0x64 /home/francisco/Workspace/riot_unity/tests/xtimer/bin/samr21-xpro/unity.a(unity.o)
                0x000017fc                UnityPrint
 .text.UnityTestResultsBegin
                0x00001860       0x40 /home/francisco/Workspace/riot_unity/tests/xtimer/bin/samr21-xpro/unity.a(unity.o)
 .text.UnityConcludeTest
                0x000018a0       0x50 /home/francisco/Workspace/riot_unity/tests/xtimer/bin/samr21-xpro/unity.a(unity.o)
                0x000018a0                UnityConcludeTest
 .text.UnityFail
                0x000018f0       0x94 /home/francisco/Workspace/riot_unity/tests/xtimer/bin/samr21-xpro/unity.a(unity.o)
                0x000018f0                UnityFail
 .text.UnityBegin
                0x00001984       0x20 /home/francisco/Workspace/riot_unity/tests/xtimer/bin/samr21-xpro/unity.a(unity.o)
                0x00001984                UnityBegin
 .text.UnityEnd
                0x000019a4       0x8c /home/francisco/Workspace/riot_unity/tests/xtimer/bin/samr21-xpro/unity.a(unity.o)
                0x000019a4                UnityEnd
 .text.t1_cb    0x00001a30        0xc /home/francisco/Workspace/riot_unity/tests/xtimer/bin/samr21-xpro/unity.a(test_cases.o)
                0x00001a30                t1_cb
 .text.t2_cb    0x00001a3c       0x1c /home/francisco/Workspace/riot_unity/tests/xtimer/bin/samr21-xpro/unity.a(test_cases.o)
                0x00001a3c                t2_cb
 .text.xtimer_now
                0x00001a58        0xa /home/francisco/Workspace/riot_unity/tests/xtimer/bin/samr21-xpro/unity.a(test_cases.o)
 *fill*         0x00001a62        0x2 
 .text.hello    0x00001a64       0x1c /home/francisco/Workspace/riot_unity/tests/xtimer/bin/samr21-xpro/unity.a(test_cases.o)
                0x00001a64                hello
 .text.timer_thread
                0x00001a80       0x4c /home/francisco/Workspace/riot_unity/tests/xtimer/bin/samr21-xpro/unity.a(test_cases.o)
                0x00001a80                timer_thread
 .text.hello64  0x00001acc       0x1c /home/francisco/Workspace/riot_unity/tests/xtimer/bin/samr21-xpro/unity.a(test_cases.o)
                0x00001acc                hello64
 .text.setUp    0x00001ae8        0xc /home/francisco/Workspace/riot_unity/tests/xtimer/bin/samr21-xpro/unity.a(test_cases.o)
                0x00001ae8                setUp
 .text.tearDown
                0x00001af4        0x2 /home/francisco/Workspace/riot_unity/tests/xtimer/bin/samr21-xpro/unity.a(test_cases.o)
                0x00001af4                tearDown
 *fill*         0x00001af6        0x2 
 .text.test_multiply
                0x00001af8      0x128 /home/francisco/Workspace/riot_unity/tests/xtimer/bin/samr21-xpro/unity.a(test_cases.o)
                0x00001af8                test_multiply
 .text.test_div
                0x00001c20       0xd4 /home/francisco/Workspace/riot_unity/tests/xtimer/bin/samr21-xpro/unity.a(test_cases.o)
                0x00001c20                test_div
 .text.test_1_microsecond
                0x00001cf4       0x80 /home/francisco/Workspace/riot_unity/tests/xtimer/bin/samr21-xpro/unity.a(test_cases.o)
                0x00001cf4                test_1_microsecond
 .text.test_2_microsecond
                0x00001d74       0x90 /home/francisco/Workspace/riot_unity/tests/xtimer/bin/samr21-xpro/unity.a(test_cases.o)
                0x00001d74                test_2_microsecond
 .text.test_10_microsecond
                0x00001e04       0x90 /home/francisco/Workspace/riot_unity/tests/xtimer/bin/samr21-xpro/unity.a(test_cases.o)
                0x00001e04                test_10_microsecond
 .text.test_100_microsecond
                0x00001e94       0x90 /home/francisco/Workspace/riot_unity/tests/xtimer/bin/samr21-xpro/unity.a(test_cases.o)
                0x00001e94                test_100_microsecond
 .text.test_500_microsecond
                0x00001f24       0x9c /home/francisco/Workspace/riot_unity/tests/xtimer/bin/samr21-xpro/unity.a(test_cases.o)
                0x00001f24                test_500_microsecond
 .text.test_10_seconds
                0x00001fc0       0x5c /home/francisco/Workspace/riot_unity/tests/xtimer/bin/samr21-xpro/unity.a(test_cases.o)
                0x00001fc0                test_10_seconds
 .text.test_xtimer_now64
                0x0000201c       0x48 /home/francisco/Workspace/riot_unity/tests/xtimer/bin/samr21-xpro/unity.a(test_cases.o)
                0x0000201c                test_xtimer_now64
 .text.test_wrapping
                0x00002064       0x48 /home/francisco/Workspace/riot_unity/tests/xtimer/bin/samr21-xpro/unity.a(test_cases.o)
                0x00002064                test_wrapping
 .text.test_timers_when_counter_wrap
                0x000020ac       0x80 /home/francisco/Workspace/riot_unity/tests/xtimer/bin/samr21-xpro/unity.a(test_cases.o)
                0x000020ac                test_timers_when_counter_wrap
 .text.test_set_msg
                0x0000212c       0x9c /home/francisco/Workspace/riot_unity/tests/xtimer/bin/samr21-xpro/unity.a(test_cases.o)
                0x0000212c                test_set_msg
 .text.test_long_periods
                0x000021c8       0x3c /home/francisco/Workspace/riot_unity/tests/xtimer/bin/samr21-xpro/unity.a(test_cases.o)
                0x000021c8                test_long_periods
 .text.test_timer_set64
                0x00002204      0x15c /home/francisco/Workspace/riot_unity/tests/xtimer/bin/samr21-xpro/unity.a(test_cases.o)
                0x00002204                test_timer_set64
 .text._callback_unlock_mutex
                0x00002360        0x8 /home/francisco/Workspace/riot_unity/tests/xtimer/bin/samr21-xpro/xtimer.a(xtimer.o)
 .text._callback_msg
                0x00002368        0xc /home/francisco/Workspace/riot_unity/tests/xtimer/bin/samr21-xpro/xtimer.a(xtimer.o)
 .text._xtimer_spin
                0x00002374       0x1a /home/francisco/Workspace/riot_unity/tests/xtimer/bin/samr21-xpro/xtimer.a(xtimer.o)
 *fill*         0x0000238e        0x2 
 .text._xtimer_tsleep
                0x00002390       0x58 /home/francisco/Workspace/riot_unity/tests/xtimer/bin/samr21-xpro/xtimer.a(xtimer.o)
                0x00002390                _xtimer_tsleep
 .text._xtimer_set_msg
                0x000023e8       0x14 /home/francisco/Workspace/riot_unity/tests/xtimer/bin/samr21-xpro/xtimer.a(xtimer.o)
                0x000023e8                _xtimer_set_msg
 .text.periph_init
                0x000023fc        0x2 /home/francisco/Workspace/riot_unity/tests/xtimer/bin/samr21-xpro/periph_common.a(init.o)
                0x000023fc                periph_init
 .text.auto_init
                0x000023fe        0x8 /home/francisco/Workspace/riot_unity/tests/xtimer/bin/samr21-xpro/auto_init.a(auto_init.o)
                0x000023fe                auto_init
 *fill*         0x00002406        0x2 
 .text._mutex_lock
                0x00002408       0x60 /home/francisco/Workspace/riot_unity/tests/xtimer/bin/samr21-xpro/core.a(mutex.o)
                0x00002408                _mutex_lock
 .text.mutex_unlock
                0x00002468       0x48 /home/francisco/Workspace/riot_unity/tests/xtimer/bin/samr21-xpro/core.a(mutex.o)
                0x00002468                mutex_unlock
 .text._msg_receive
                0x000024b0       0xe8 /home/francisco/Workspace/riot_unity/tests/xtimer/bin/samr21-xpro/core.a(msg.o)
 .text.queue_msg
                0x00002598       0x28 /home/francisco/Workspace/riot_unity/tests/xtimer/bin/samr21-xpro/core.a(msg.o)
 .text.msg_send_int
                0x000025c0       0x44 /home/francisco/Workspace/riot_unity/tests/xtimer/bin/samr21-xpro/core.a(msg.o)
                0x000025c0                msg_send_int
 .text.msg_receive
                0x00002604        0xa /home/francisco/Workspace/riot_unity/tests/xtimer/bin/samr21-xpro/core.a(msg.o)
                0x00002604                msg_receive
 *fill*         0x0000260e        0x2 
 .text.msg_init_queue
                0x00002610       0x28 /home/francisco/Workspace/riot_unity/tests/xtimer/bin/samr21-xpro/core.a(msg.o)
                0x00002610                msg_init_queue
 .text.cortexm_init
                0x00002638       0x78 /home/francisco/Workspace/riot_unity/tests/xtimer/bin/samr21-xpro/cortexm_common.a(cortexm_init.o)
                0x00002638                cortexm_init
 .text          0x000026b0       0x14 /home/francisco/gcc-arm-none-eabi-5_4-2016q3/bin/../lib/gcc/arm-none-eabi/5.4.1/armv6-m/libgcc.a(_thumb1_case_uqi.o)
                0x000026b0                __gnu_thumb1_case_uqi
 .text          0x000026c4      0x114 /home/francisco/gcc-arm-none-eabi-5_4-2016q3/bin/../lib/gcc/arm-none-eabi/5.4.1/armv6-m/libgcc.a(_udivsi3.o)
                0x000026c4                __udivsi3
                0x000026c4                __aeabi_uidiv
                0x000027d0                __aeabi_uidivmod
 .text          0x000027d8      0x1d4 /home/francisco/gcc-arm-none-eabi-5_4-2016q3/bin/../lib/gcc/arm-none-eabi/5.4.1/armv6-m/libgcc.a(_divsi3.o)
                0x000027d8                __aeabi_idiv
                0x000027d8                __divsi3
                0x000029a4                __aeabi_idivmod
 .text          0x000029ac        0x4 /home/francisco/gcc-arm-none-eabi-5_4-2016q3/bin/../lib/gcc/arm-none-eabi/5.4.1/armv6-m/libgcc.a(_dvmd_tls.o)
                0x000029ac                __aeabi_ldiv0
                0x000029ac                __aeabi_idiv0
 .text.__libc_init_array
                0x000029b0       0x4c /home/francisco/gcc-arm-none-eabi-5_4-2016q3/bin/../lib/gcc/arm-none-eabi/5.4.1/../../../../arm-none-eabi/lib/armv6-m/libc_nano.a(lib_a-init.o)
                0x000029b0                __libc_init_array
 .text.memset   0x000029fc       0x10 /home/francisco/gcc-arm-none-eabi-5_4-2016q3/bin/../lib/gcc/arm-none-eabi/5.4.1/../../../../arm-none-eabi/lib/armv6-m/libc_nano.a(lib_a-memset.o)
                0x000029fc                memset
 .text.printf   0x00002a0c       0x34 /home/francisco/gcc-arm-none-eabi-5_4-2016q3/bin/../lib/gcc/arm-none-eabi/5.4.1/../../../../arm-none-eabi/lib/armv6-m/libc_nano.a(lib_a-printf.o)
                0x00002a0c                printf
                0x00002a0c                iprintf
 .text._puts_r  0x00002a40       0xc4 /home/francisco/gcc-arm-none-eabi-5_4-2016q3/bin/../lib/gcc/arm-none-eabi/5.4.1/../../../../arm-none-eabi/lib/armv6-m/libc_nano.a(lib_a-puts.o)
                0x00002a40                _puts_r
 .text.puts     0x00002b04       0x14 /home/francisco/gcc-arm-none-eabi-5_4-2016q3/bin/../lib/gcc/arm-none-eabi/5.4.1/../../../../arm-none-eabi/lib/armv6-m/libc_nano.a(lib_a-puts.o)
                0x00002b04                puts
 .text          0x00002b18       0x34 /home/francisco/gcc-arm-none-eabi-5_4-2016q3/bin/../lib/gcc/arm-none-eabi/5.4.1/../../../../arm-none-eabi/lib/armv6-m/libc_nano.a(lib_a-setjmp.o)
                0x00002b18                setjmp
                0x00002b30                longjmp
 .text.__swbuf_r
                0x00002b4c       0xac /home/francisco/gcc-arm-none-eabi-5_4-2016q3/bin/../lib/gcc/arm-none-eabi/5.4.1/../../../../arm-none-eabi/lib/armv6-m/libc_nano.a(lib_a-wbuf.o)
                0x00002b4c                __swbuf_r
 .text.__swsetup_r
                0x00002bf8       0xec /home/francisco/gcc-arm-none-eabi-5_4-2016q3/bin/../lib/gcc/arm-none-eabi/5.4.1/../../../../arm-none-eabi/lib/armv6-m/libc_nano.a(lib_a-wsetup.o)
                0x00002bf8                __swsetup_r
 .text.__sflush_r
                0x00002ce4      0x10c /home/francisco/gcc-arm-none-eabi-5_4-2016q3/bin/../lib/gcc/arm-none-eabi/5.4.1/../../../../arm-none-eabi/lib/armv6-m/libc_nano.a(lib_a-fflush.o)
                0x00002ce4                __sflush_r
 .text._fflush_r
                0x00002df0       0x58 /home/francisco/gcc-arm-none-eabi-5_4-2016q3/bin/../lib/gcc/arm-none-eabi/5.4.1/../../../../arm-none-eabi/lib/armv6-m/libc_nano.a(lib_a-fflush.o)
                0x00002df0                _fflush_r
 .text._cleanup_r
                0x00002e48       0x10 /home/francisco/gcc-arm-none-eabi-5_4-2016q3/bin/../lib/gcc/arm-none-eabi/5.4.1/../../../../arm-none-eabi/lib/armv6-m/libc_nano.a(lib_a-findfp.o)
                0x00002e48                _cleanup_r
 .text.std.isra.0
                0x00002e58       0x48 /home/francisco/gcc-arm-none-eabi-5_4-2016q3/bin/../lib/gcc/arm-none-eabi/5.4.1/../../../../arm-none-eabi/lib/armv6-m/libc_nano.a(lib_a-findfp.o)
 .text.__sfmoreglue
                0x00002ea0       0x2c /home/francisco/gcc-arm-none-eabi-5_4-2016q3/bin/../lib/gcc/arm-none-eabi/5.4.1/../../../../arm-none-eabi/lib/armv6-m/libc_nano.a(lib_a-findfp.o)
                0x00002ea0                __sfmoreglue
 .text.__sinit  0x00002ecc       0x68 /home/francisco/gcc-arm-none-eabi-5_4-2016q3/bin/../lib/gcc/arm-none-eabi/5.4.1/../../../../arm-none-eabi/lib/armv6-m/libc_nano.a(lib_a-findfp.o)
                0x00002ecc                __sinit
 .text.__sfp    0x00002f34       0x7c /home/francisco/gcc-arm-none-eabi-5_4-2016q3/bin/../lib/gcc/arm-none-eabi/5.4.1/../../../../arm-none-eabi/lib/armv6-m/libc_nano.a(lib_a-findfp.o)
                0x00002f34                __sfp
 .text._fwalk_reent
                0x00002fb0       0x42 /home/francisco/gcc-arm-none-eabi-5_4-2016q3/bin/../lib/gcc/arm-none-eabi/5.4.1/../../../../arm-none-eabi/lib/armv6-m/libc_nano.a(lib_a-fwalk.o)
                0x00002fb0                _fwalk_reent
 *fill*         0x00002ff2        0x2 
 .text.__swhatbuf_r
                0x00002ff4       0x4c /home/francisco/gcc-arm-none-eabi-5_4-2016q3/bin/../lib/gcc/arm-none-eabi/5.4.1/../../../../arm-none-eabi/lib/armv6-m/libc_nano.a(lib_a-makebuf.o)
                0x00002ff4                __swhatbuf_r
 .text.__smakebuf_r
                0x00003040       0x7c /home/francisco/gcc-arm-none-eabi-5_4-2016q3/bin/../lib/gcc/arm-none-eabi/5.4.1/../../../../arm-none-eabi/lib/armv6-m/libc_nano.a(lib_a-makebuf.o)
                0x00003040                __smakebuf_r
 .text._free_r  0x000030bc       0x98 /home/francisco/gcc-arm-none-eabi-5_4-2016q3/bin/../lib/gcc/arm-none-eabi/5.4.1/../../../../arm-none-eabi/lib/armv6-m/libc_nano.a(lib_a-nano-freer.o)
                0x000030bc                _free_r
 .text._malloc_r
                0x00003154       0xc0 /home/francisco/gcc-arm-none-eabi-5_4-2016q3/bin/../lib/gcc/arm-none-eabi/5.4.1/../../../../arm-none-eabi/lib/armv6-m/libc_nano.a(lib_a-nano-mallocr.o)
                0x00003154                _malloc_r
 .text.__sfputc_r
                0x00003214       0x2a /home/francisco/gcc-arm-none-eabi-5_4-2016q3/bin/../lib/gcc/arm-none-eabi/5.4.1/../../../../arm-none-eabi/lib/armv6-m/libc_nano.a(lib_a-nano-vfprintf.o)
 .text.__sfputs_r
                0x0000323e       0x24 /home/francisco/gcc-arm-none-eabi-5_4-2016q3/bin/../lib/gcc/arm-none-eabi/5.4.1/../../../../arm-none-eabi/lib/armv6-m/libc_nano.a(lib_a-nano-vfprintf.o)
                0x0000323e                __sfputs_r
 *fill*         0x00003262        0x2 
 .text._vfprintf_r
                0x00003264      0x238 /home/francisco/gcc-arm-none-eabi-5_4-2016q3/bin/../lib/gcc/arm-none-eabi/5.4.1/../../../../arm-none-eabi/lib/armv6-m/libc_nano.a(lib_a-nano-vfprintf.o)
                0x00003264                _vfiprintf_r
                0x00003264                _vfprintf_r
 .text._printf_common
                0x0000349c       0xdc /home/francisco/gcc-arm-none-eabi-5_4-2016q3/bin/../lib/gcc/arm-none-eabi/5.4.1/../../../../arm-none-eabi/lib/armv6-m/libc_nano.a(lib_a-nano-vfprintf_i.o)
                0x0000349c                _printf_common
 .text._printf_i
                0x00003578      0x244 /home/francisco/gcc-arm-none-eabi-5_4-2016q3/bin/../lib/gcc/arm-none-eabi/5.4.1/../../../../arm-none-eabi/lib/armv6-m/libc_nano.a(lib_a-nano-vfprintf_i.o)
                0x00003578                _printf_i
 .text.__sread  0x000037bc       0x28 /home/francisco/gcc-arm-none-eabi-5_4-2016q3/bin/../lib/gcc/arm-none-eabi/5.4.1/../../../../arm-none-eabi/lib/armv6-m/libc_nano.a(lib_a-stdio.o)
                0x000037bc                __sread
 .text.__swrite
                0x000037e4       0x38 /home/francisco/gcc-arm-none-eabi-5_4-2016q3/bin/../lib/gcc/arm-none-eabi/5.4.1/../../../../arm-none-eabi/lib/armv6-m/libc_nano.a(lib_a-stdio.o)
                0x000037e4                __swrite
 .text.__sseek  0x0000381c       0x2c /home/francisco/gcc-arm-none-eabi-5_4-2016q3/bin/../lib/gcc/arm-none-eabi/5.4.1/../../../../arm-none-eabi/lib/armv6-m/libc_nano.a(lib_a-stdio.o)
                0x0000381c                __sseek
 .text.__sclose
                0x00003848        0xc /home/francisco/gcc-arm-none-eabi-5_4-2016q3/bin/../lib/gcc/arm-none-eabi/5.4.1/../../../../arm-none-eabi/lib/armv6-m/libc_nano.a(lib_a-stdio.o)
                0x00003848                __sclose
 .text.memchr   0x00003854       0x16 /home/francisco/gcc-arm-none-eabi-5_4-2016q3/bin/../lib/gcc/arm-none-eabi/5.4.1/../../../../arm-none-eabi/lib/armv6-m/libc_nano.a(lib_a-memchr-stub.o)
                0x00003854                memchr
 .text.__malloc_lock
                0x0000386a        0x2 /home/francisco/gcc-arm-none-eabi-5_4-2016q3/bin/../lib/gcc/arm-none-eabi/5.4.1/../../../../arm-none-eabi/lib/armv6-m/libc_nano.a(lib_a-mlock.o)
                0x0000386a                __malloc_lock
 .text.__malloc_unlock
                0x0000386c        0x2 /home/francisco/gcc-arm-none-eabi-5_4-2016q3/bin/../lib/gcc/arm-none-eabi/5.4.1/../../../../arm-none-eabi/lib/armv6-m/libc_nano.a(lib_a-mlock.o)
                0x0000386c                __malloc_unlock
 *(.glue_7t)
 .glue_7t       0x0000386e        0x0 linker stubs
 *(.glue_7)
 .glue_7        0x0000386e        0x0 linker stubs
 *(.rodata .rodata* .gnu.linkonce.r.*)
 .rodata.str1.1
                0x0000386e      0x1a5 /home/francisco/Workspace/riot_unity/tests/xtimer/bin/samr21-xpro/cortexm_common.a(vectors_cortexm.o)
 .rodata.assert_crash_message
                0x00003a13       0x12 /home/francisco/Workspace/riot_unity/tests/xtimer/bin/samr21-xpro/core.a(panic.o)
                0x00003a13                assert_crash_message
 .rodata.str1.1
                0x00003a25       0x2e /home/francisco/Workspace/riot_unity/tests/xtimer/bin/samr21-xpro/core.a(panic.o)
 .rodata.str1.1
                0x00003a53       0x63 /home/francisco/Workspace/riot_unity/tests/xtimer/bin/samr21-xpro/core.a(kernel_init.o)
 *fill*         0x00003ab6        0x2 
 .rodata.uart_config
                0x00003ab8       0x28 /home/francisco/Workspace/riot_unity/tests/xtimer/bin/samr21-xpro/sam0_common_periph.a(uart.o)
 .rodata.str1.1
                0x00003ae0      0x106 /home/francisco/Workspace/riot_unity/tests/xtimer/bin/samr21-xpro/unity.a(auto_main.o)
 .rodata.UnityStrDetail1Name
                0x00003be6        0xa /home/francisco/Workspace/riot_unity/tests/xtimer/bin/samr21-xpro/unity.a(unity.o)
 .rodata.UnityStrOk
                0x00003bf0        0x3 /home/francisco/Workspace/riot_unity/tests/xtimer/bin/samr21-xpro/unity.a(unity.o)
 .rodata.UnityStrSpacer
                0x00003bf3        0x3 /home/francisco/Workspace/riot_unity/tests/xtimer/bin/samr21-xpro/unity.a(unity.o)
 .rodata.UnityStrDetail2Name
                0x00003bf6        0xb /home/francisco/Workspace/riot_unity/tests/xtimer/bin/samr21-xpro/unity.a(unity.o)
 .rodata.UnityStrFail
                0x00003c01        0x5 /home/francisco/Workspace/riot_unity/tests/xtimer/bin/samr21-xpro/unity.a(unity.o)
 .rodata.UnityStrBreaker
                0x00003c06       0x18 /home/francisco/Workspace/riot_unity/tests/xtimer/bin/samr21-xpro/unity.a(unity.o)
 .rodata.UnityStrResultsFailures
                0x00003c1e        0xb /home/francisco/Workspace/riot_unity/tests/xtimer/bin/samr21-xpro/unity.a(unity.o)
 .rodata.UnityStrResultsIgnored
                0x00003c29        0xa /home/francisco/Workspace/riot_unity/tests/xtimer/bin/samr21-xpro/unity.a(unity.o)
 .rodata.UnityStrResultsTests
                0x00003c33        0x8 /home/francisco/Workspace/riot_unity/tests/xtimer/bin/samr21-xpro/unity.a(unity.o)
 .rodata.UnityStrPass
                0x00003c3b        0x5 /home/francisco/Workspace/riot_unity/tests/xtimer/bin/samr21-xpro/unity.a(unity.o)
 .rodata        0x00003c40       0x28 /home/francisco/Workspace/riot_unity/tests/xtimer/bin/samr21-xpro/unity.a(test_cases.o)
 .rodata.str1.1
                0x00003c68      0x1c1 /home/francisco/Workspace/riot_unity/tests/xtimer/bin/samr21-xpro/unity.a(test_cases.o)
 *fill*         0x00003e29        0x3 
 .rodata._global_impure_ptr
                0x00003e2c        0x4 /home/francisco/gcc-arm-none-eabi-5_4-2016q3/bin/../lib/gcc/arm-none-eabi/5.4.1/../../../../arm-none-eabi/lib/armv6-m/libc_nano.a(lib_a-impure.o)
                0x00003e2c                _global_impure_ptr
 .rodata.__sf_fake_stdin
                0x00003e30       0x20 /home/francisco/gcc-arm-none-eabi-5_4-2016q3/bin/../lib/gcc/arm-none-eabi/5.4.1/../../../../arm-none-eabi/lib/armv6-m/libc_nano.a(lib_a-findfp.o)
                0x00003e30                __sf_fake_stdin
 .rodata.__sf_fake_stdout
                0x00003e50       0x20 /home/francisco/gcc-arm-none-eabi-5_4-2016q3/bin/../lib/gcc/arm-none-eabi/5.4.1/../../../../arm-none-eabi/lib/armv6-m/libc_nano.a(lib_a-findfp.o)
                0x00003e50                __sf_fake_stdout
 .rodata.__sf_fake_stderr
                0x00003e70       0x20 /home/francisco/gcc-arm-none-eabi-5_4-2016q3/bin/../lib/gcc/arm-none-eabi/5.4.1/../../../../arm-none-eabi/lib/armv6-m/libc_nano.a(lib_a-findfp.o)
                0x00003e70                __sf_fake_stderr
 .rodata.str1.1
                0x00003e90       0x11 /home/francisco/gcc-arm-none-eabi-5_4-2016q3/bin/../lib/gcc/arm-none-eabi/5.4.1/../../../../arm-none-eabi/lib/armv6-m/libc_nano.a(lib_a-nano-vfprintf.o)
 .rodata.str1.1
                0x00003ea1       0x22 /home/francisco/gcc-arm-none-eabi-5_4-2016q3/bin/../lib/gcc/arm-none-eabi/5.4.1/../../../../arm-none-eabi/lib/armv6-m/libc_nano.a(lib_a-nano-vfprintf_i.o)
 *(.ARM.extab* .gnu.linkonce.armextab.*)
                0x00003ec4                . = ALIGN (0x4)
 *fill*         0x00003ec3        0x1 
 *(.init)
                0x00003ec4                . = ALIGN (0x4)
                0x00003ec4                __preinit_array_start = .
 *(.preinit_array)
                0x00003ec4                __preinit_array_end = .
                0x00003ec4                . = ALIGN (0x4)
                0x00003ec4                __init_array_start = .
 *(SORT(.init_array.*))
 *(.init_array)
                0x00003ec4                __init_array_end = .
                0x00003ec4                . = ALIGN (0x4)
 *crtbegin.o(.ctors)
 *(EXCLUDE_FILE(*crtend.o) .ctors)
 *(SORT(.ctors.*))
 *crtend.o(.ctors)
                0x00003ec4                . = ALIGN (0x4)
 *(.fini)
                0x00003ec4                . = ALIGN (0x4)
                0x00003ec4                __fini_array_start = .
 *(.fini_array)
 *(SORT(.fini_array.*))
                0x00003ec4                __fini_array_end = .
 *crtbegin.o(.dtors)
 *(EXCLUDE_FILE(*crtend.o) .dtors)
 *(SORT(.dtors.*))
 *crtend.o(.dtors)
                0x00003ec4                . = ALIGN (0x4)
                0x00003ec4                _efixed = .
                [!provide]                PROVIDE (__exidx_start, .)

.vfp11_veneer   0x00003ec4        0x0
 .vfp11_veneer  0x00003ec4        0x0 linker stubs

.v4_bx          0x00003ec4        0x0
 .v4_bx         0x00003ec4        0x0 linker stubs

.iplt           0x00003ec4        0x0
 .iplt          0x00003ec4        0x0 /home/francisco/Workspace/riot_unity/tests/xtimer/bin/samr21-xpro/cpu/vectors.o

.igot.plt       0x00003ec4        0x0
 .igot.plt      0x00003ec4        0x0 /home/francisco/Workspace/riot_unity/tests/xtimer/bin/samr21-xpro/cpu/vectors.o

.rel.dyn        0x00003ec4        0x0
 .rel.iplt      0x00003ec4        0x0 /home/francisco/Workspace/riot_unity/tests/xtimer/bin/samr21-xpro/cpu/vectors.o

.ARM.exidx
 *(.ARM.exidx* .gnu.linkonce.armexidx.*)
                [!provide]                PROVIDE (__exidx_end, .)
                0x00003ec4                . = ALIGN (0x4)

.eh_frame
 *(.eh_frame)
                0x00003ec4                . = ALIGN (0x4)
                0x00003ec4                _etext = .

.stack          0x20000000      0x200
                0x20000000                . = ALIGN (0x8)
                0x20000000                _sstack = .
 *(.isr_stack)
 .isr_stack     0x20000000      0x200 /home/francisco/Workspace/riot_unity/tests/xtimer/bin/samr21-xpro/cortexm_common.a(vectors_cortexm.o)
                0x20000000                isr_stack
                0x20000200                . = ALIGN (0x8)
                0x20000200                _estack = .

.relocate       0x20000200       0x8c load address 0x00003ec4
                0x20000200                . = ALIGN (0x4)
                0x20000200                _srelocate = .
 *(.ramfunc .ramfunc.*)
 *(.data .data.*)
 .data.heap_top
                0x20000200        0x4 /home/francisco/Workspace/riot_unity/tests/xtimer/bin/samr21-xpro/newlib_syscalls_default/syscalls.o
                0x20000200                heap_top
 .data.pm_blocker
                0x20000204        0x4 /home/francisco/Workspace/riot_unity/tests/xtimer/bin/samr21-xpro/pm_layered.a(pm.o)
                0x20000204                pm_blocker
 .data.uart_stdio_isrpipe
                0x20000208       0x14 /home/francisco/Workspace/riot_unity/tests/xtimer/bin/samr21-xpro/uart_stdio.a(uart_stdio.o)
                0x20000208                uart_stdio_isrpipe
 .data.idle_name
                0x2000021c        0x4 /home/francisco/Workspace/riot_unity/tests/xtimer/bin/samr21-xpro/core.a(kernel_init.o)
                0x2000021c                idle_name
 .data.main_name
                0x20000220        0x4 /home/francisco/Workspace/riot_unity/tests/xtimer/bin/samr21-xpro/core.a(kernel_init.o)
                0x20000220                main_name
 .data.impure_data
                0x20000224       0x60 /home/francisco/gcc-arm-none-eabi-5_4-2016q3/bin/../lib/gcc/arm-none-eabi/5.4.1/../../../../arm-none-eabi/lib/armv6-m/libc_nano.a(lib_a-impure.o)
 .data._impure_ptr
                0x20000284        0x4 /home/francisco/gcc-arm-none-eabi-5_4-2016q3/bin/../lib/gcc/arm-none-eabi/5.4.1/../../../../arm-none-eabi/lib/armv6-m/libc_nano.a(lib_a-impure.o)
                0x20000284                _impure_ptr
 *(.openocd .openocd.*)
 .openocd       0x20000288        0x2 /home/francisco/Workspace/riot_unity/tests/xtimer/bin/samr21-xpro/core.a(sched.o)
                0x20000288                _tcb_name_offset
                0x20000289                max_threads
                0x2000028c                . = ALIGN (0x4)
 *fill*         0x2000028a        0x2 
                0x2000028c                _erelocate = .

.bss            0x20000290      0xf84 load address 0x00003f58
                0x20000290                . = ALIGN (0x4)
                0x20000290                _sbss = .
                0x20000290                _szero = .
 *(.bss .bss.*)
 .bss.sched_context_switch_request
                0x20000290        0x4 /home/francisco/Workspace/riot_unity/tests/xtimer/bin/samr21-xpro/core.a(sched.o)
                0x20000290                sched_context_switch_request
 .bss.sched_active_pid
                0x20000294        0x2 /home/francisco/Workspace/riot_unity/tests/xtimer/bin/samr21-xpro/core.a(sched.o)
                0x20000294                sched_active_pid
 *fill*         0x20000296        0x2 
 .bss.sched_active_thread
                0x20000298        0x4 /home/francisco/Workspace/riot_unity/tests/xtimer/bin/samr21-xpro/core.a(sched.o)
                0x20000298                sched_active_thread
 .bss.sched_num_threads
                0x2000029c        0x4 /home/francisco/Workspace/riot_unity/tests/xtimer/bin/samr21-xpro/core.a(sched.o)
                0x2000029c                sched_num_threads
 .bss.sched_runqueues
                0x200002a0       0x40 /home/francisco/Workspace/riot_unity/tests/xtimer/bin/samr21-xpro/core.a(sched.o)
                0x200002a0                sched_runqueues
 .bss.sched_threads
                0x200002e0       0x84 /home/francisco/Workspace/riot_unity/tests/xtimer/bin/samr21-xpro/core.a(sched.o)
                0x200002e0                sched_threads
 .bss.runqueue_bitcache
                0x20000364        0x4 /home/francisco/Workspace/riot_unity/tests/xtimer/bin/samr21-xpro/core.a(sched.o)
 .bss._rx_buf_mem
                0x20000368       0x40 /home/francisco/Workspace/riot_unity/tests/xtimer/bin/samr21-xpro/uart_stdio.a(uart_stdio.o)
 .bss.overflow_list_head
                0x200003a8        0x4 /home/francisco/Workspace/riot_unity/tests/xtimer/bin/samr21-xpro/xtimer.a(xtimer_core.o)
 .bss._in_handler
                0x200003ac        0x4 /home/francisco/Workspace/riot_unity/tests/xtimer/bin/samr21-xpro/xtimer.a(xtimer_core.o)
 .bss._long_cnt
                0x200003b0        0x4 /home/francisco/Workspace/riot_unity/tests/xtimer/bin/samr21-xpro/xtimer.a(xtimer_core.o)
 .bss.timer_list_head
                0x200003b4        0x4 /home/francisco/Workspace/riot_unity/tests/xtimer/bin/samr21-xpro/xtimer.a(xtimer_core.o)
 .bss.long_list_head
                0x200003b8        0x4 /home/francisco/Workspace/riot_unity/tests/xtimer/bin/samr21-xpro/xtimer.a(xtimer_core.o)
 .bss.crashed   0x200003bc        0x4 /home/francisco/Workspace/riot_unity/tests/xtimer/bin/samr21-xpro/core.a(panic.o)
 .bss.idle_stack
                0x200003c0      0x100 /home/francisco/Workspace/riot_unity/tests/xtimer/bin/samr21-xpro/core.a(kernel_init.o)
 .bss.main_stack
                0x200004c0      0x600 /home/francisco/Workspace/riot_unity/tests/xtimer/bin/samr21-xpro/core.a(kernel_init.o)
 .bss.config    0x20000ac0       0x10 /home/francisco/Workspace/riot_unity/tests/xtimer/bin/samr21-xpro/periph.a(timer.o)
 .bss.uart_ctx  0x20000ad0       0x10 /home/francisco/Workspace/riot_unity/tests/xtimer/bin/samr21-xpro/sam0_common_periph.a(uart.o)
 .bss.gpio_config
                0x20000ae0       0x80 /home/francisco/Workspace/riot_unity/tests/xtimer/bin/samr21-xpro/sam0_common_periph.a(gpio.o)
 .bss.Unity     0x20000b60       0x84 /home/francisco/Workspace/riot_unity/tests/xtimer/bin/samr21-xpro/unity.a(unity.o)
                0x20000b60                Unity
 .bss.ti        0x20000be4        0x4 /home/francisco/Workspace/riot_unity/tests/xtimer/bin/samr21-xpro/unity.a(test_cases.o)
 .bss.check     0x20000be8        0x4 /home/francisco/Workspace/riot_unity/tests/xtimer/bin/samr21-xpro/unity.a(test_cases.o)
 *fill*         0x20000bec        0x4 
 .bss.ti64      0x20000bf0        0x8 /home/francisco/Workspace/riot_unity/tests/xtimer/bin/samr21-xpro/unity.a(test_cases.o)
 .bss.fired     0x20000bf8        0x4 /home/francisco/Workspace/riot_unity/tests/xtimer/bin/samr21-xpro/unity.a(test_cases.o)
 .bss.timer_stack
                0x20000bfc      0x600 /home/francisco/Workspace/riot_unity/tests/xtimer/bin/samr21-xpro/unity.a(test_cases.o)
                0x20000bfc                timer_stack
 *fill*         0x200011fc        0x4 
 .bss.tf64      0x20001200        0x8 /home/francisco/Workspace/riot_unity/tests/xtimer/bin/samr21-xpro/unity.a(test_cases.o)
 .bss.tf        0x20001208        0x4 /home/francisco/Workspace/riot_unity/tests/xtimer/bin/samr21-xpro/unity.a(test_cases.o)
 .bss.__malloc_sbrk_start
                0x2000120c        0x4 /home/francisco/gcc-arm-none-eabi-5_4-2016q3/bin/../lib/gcc/arm-none-eabi/5.4.1/../../../../arm-none-eabi/lib/armv6-m/libc_nano.a(lib_a-nano-mallocr.o)
                0x2000120c                __malloc_sbrk_start
 .bss.__malloc_free_list
                0x20001210        0x4 /home/francisco/gcc-arm-none-eabi-5_4-2016q3/bin/../lib/gcc/arm-none-eabi/5.4.1/../../../../arm-none-eabi/lib/armv6-m/libc_nano.a(lib_a-nano-mallocr.o)
                0x20001210                __malloc_free_list
 *(COMMON)
                0x20001214                . = ALIGN (0x4)
                0x20001214                _ebss = .
                0x20001214                _ezero = .
                0x20001214                . = ALIGN (0x4)
                0x20001214                _sheap = .
                0x20008000                _eheap = (ORIGIN (ram) + LENGTH (ram))
                0x20000000                _sram = ORIGIN (ram)
                0x20008000                _eram = (ORIGIN (ram) + LENGTH (ram))
OUTPUT(/home/francisco/Workspace/riot_unity/tests/xtimer/bin/samr21-xpro/unity.elf elf32-littlearm)

.debug_info     0x00000000    0x403f9
 .debug_info    0x00000000      0x19f /home/francisco/Workspace/riot_unity/tests/xtimer/bin/samr21-xpro/cpu/vectors.o
 .debug_info    0x0000019f     0x4052 /home/francisco/Workspace/riot_unity/tests/xtimer/bin/samr21-xpro/newlib_syscalls_default/syscalls.o
 .debug_info    0x000041f1      0x577 /home/francisco/Workspace/riot_unity/tests/xtimer/bin/samr21-xpro/core.a(sched.o)
 .debug_info    0x00004768      0x116 /home/francisco/Workspace/riot_unity/tests/xtimer/bin/samr21-xpro/core.a(bitarithm.o)
 .debug_info    0x0000487e      0x64c /home/francisco/Workspace/riot_unity/tests/xtimer/bin/samr21-xpro/cortexm_common.a(thread_arch.o)
 .debug_info    0x00004eca     0x35b4 /home/francisco/Workspace/riot_unity/tests/xtimer/bin/samr21-xpro/cortexm_common.a(vectors_cortexm.o)
 .debug_info    0x0000847e      0x26a /home/francisco/Workspace/riot_unity/tests/xtimer/bin/samr21-xpro/cortexm_common.a(irq_arch.o)
 .debug_info    0x000086e8      0x538 /home/francisco/Workspace/riot_unity/tests/xtimer/bin/samr21-xpro/pm_layered.a(pm.o)
 .debug_info    0x00008c20     0x32f4 /home/francisco/Workspace/riot_unity/tests/xtimer/bin/samr21-xpro/uart_stdio.a(uart_stdio.o)
 .debug_info    0x0000bf14     0x3f22 /home/francisco/Workspace/riot_unity/tests/xtimer/bin/samr21-xpro/xtimer.a(xtimer_core.o)
 .debug_info    0x0000fe36     0x3705 /home/francisco/Workspace/riot_unity/tests/xtimer/bin/samr21-xpro/board.a(board.o)
 .debug_info    0x0001353b      0x326 /home/francisco/Workspace/riot_unity/tests/xtimer/bin/samr21-xpro/core.a(panic.o)
 .debug_info    0x00013861      0x36c /home/francisco/Workspace/riot_unity/tests/xtimer/bin/samr21-xpro/core.a(kernel_init.o)
 .debug_info    0x00013bcd      0x916 /home/francisco/Workspace/riot_unity/tests/xtimer/bin/samr21-xpro/core.a(thread.o)
 .debug_info    0x000144e3     0x51b3 /home/francisco/Workspace/riot_unity/tests/xtimer/bin/samr21-xpro/cpu.a(cpu.o)
 .debug_info    0x00019696     0x3750 /home/francisco/Workspace/riot_unity/tests/xtimer/bin/samr21-xpro/isrpipe.a(isrpipe.o)
 .debug_info    0x0001cde6      0xb25 /home/francisco/Workspace/riot_unity/tests/xtimer/bin/samr21-xpro/periph.a(pm.o)
 .debug_info    0x0001d90b     0x4cf2 /home/francisco/Workspace/riot_unity/tests/xtimer/bin/samr21-xpro/periph.a(timer.o)
 .debug_info    0x000225fd     0x5478 /home/francisco/Workspace/riot_unity/tests/xtimer/bin/samr21-xpro/sam0_common_periph.a(uart.o)
 .debug_info    0x00027a75     0x51cf /home/francisco/Workspace/riot_unity/tests/xtimer/bin/samr21-xpro/sam0_common_periph.a(gpio.o)
 .debug_info    0x0002cc44      0x32f /home/francisco/Workspace/riot_unity/tests/xtimer/bin/samr21-xpro/tsrb.a(tsrb.o)
 .debug_info    0x0002cf73     0x366e /home/francisco/Workspace/riot_unity/tests/xtimer/bin/samr21-xpro/unity.a(auto_main.o)
 .debug_info    0x000305e1     0x2d0e /home/francisco/Workspace/riot_unity/tests/xtimer/bin/samr21-xpro/unity.a(unity.o)
 .debug_info    0x000332ef     0x45df /home/francisco/Workspace/riot_unity/tests/xtimer/bin/samr21-xpro/unity.a(test_cases.o)
 .debug_info    0x000378ce     0x3fa8 /home/francisco/Workspace/riot_unity/tests/xtimer/bin/samr21-xpro/xtimer.a(xtimer.o)
 .debug_info    0x0003b876       0x37 /home/francisco/Workspace/riot_unity/tests/xtimer/bin/samr21-xpro/periph_common.a(init.o)
 .debug_info    0x0003b8ad     0x3285 /home/francisco/Workspace/riot_unity/tests/xtimer/bin/samr21-xpro/auto_init.a(auto_init.o)
 .debug_info    0x0003eb32      0x5d0 /home/francisco/Workspace/riot_unity/tests/xtimer/bin/samr21-xpro/core.a(mutex.o)
 .debug_info    0x0003f102      0xe82 /home/francisco/Workspace/riot_unity/tests/xtimer/bin/samr21-xpro/core.a(msg.o)
 .debug_info    0x0003ff84      0x475 /home/francisco/Workspace/riot_unity/tests/xtimer/bin/samr21-xpro/cortexm_common.a(cortexm_init.o)

.debug_abbrev   0x00000000     0x4efa
 .debug_abbrev  0x00000000       0xcb /home/francisco/Workspace/riot_unity/tests/xtimer/bin/samr21-xpro/cpu/vectors.o
 .debug_abbrev  0x000000cb      0x463 /home/francisco/Workspace/riot_unity/tests/xtimer/bin/samr21-xpro/newlib_syscalls_default/syscalls.o
 .debug_abbrev  0x0000052e      0x24e /home/francisco/Workspace/riot_unity/tests/xtimer/bin/samr21-xpro/core.a(sched.o)
 .debug_abbrev  0x0000077c       0x81 /home/francisco/Workspace/riot_unity/tests/xtimer/bin/samr21-xpro/core.a(bitarithm.o)
 .debug_abbrev  0x000007fd      0x2f5 /home/francisco/Workspace/riot_unity/tests/xtimer/bin/samr21-xpro/cortexm_common.a(thread_arch.o)
 .debug_abbrev  0x00000af2      0x390 /home/francisco/Workspace/riot_unity/tests/xtimer/bin/samr21-xpro/cortexm_common.a(vectors_cortexm.o)
 .debug_abbrev  0x00000e82      0x152 /home/francisco/Workspace/riot_unity/tests/xtimer/bin/samr21-xpro/cortexm_common.a(irq_arch.o)
 .debug_abbrev  0x00000fd4      0x1ce /home/francisco/Workspace/riot_unity/tests/xtimer/bin/samr21-xpro/pm_layered.a(pm.o)
 .debug_abbrev  0x000011a2      0x287 /home/francisco/Workspace/riot_unity/tests/xtimer/bin/samr21-xpro/uart_stdio.a(uart_stdio.o)
 .debug_abbrev  0x00001429      0x53a /home/francisco/Workspace/riot_unity/tests/xtimer/bin/samr21-xpro/xtimer.a(xtimer_core.o)
 .debug_abbrev  0x00001963      0x221 /home/francisco/Workspace/riot_unity/tests/xtimer/bin/samr21-xpro/board.a(board.o)
 .debug_abbrev  0x00001b84      0x191 /home/francisco/Workspace/riot_unity/tests/xtimer/bin/samr21-xpro/core.a(panic.o)
 .debug_abbrev  0x00001d15      0x18a /home/francisco/Workspace/riot_unity/tests/xtimer/bin/samr21-xpro/core.a(kernel_init.o)
 .debug_abbrev  0x00001e9f      0x2b6 /home/francisco/Workspace/riot_unity/tests/xtimer/bin/samr21-xpro/core.a(thread.o)
 .debug_abbrev  0x00002155      0x23f /home/francisco/Workspace/riot_unity/tests/xtimer/bin/samr21-xpro/cpu.a(cpu.o)
 .debug_abbrev  0x00002394      0x363 /home/francisco/Workspace/riot_unity/tests/xtimer/bin/samr21-xpro/isrpipe.a(isrpipe.o)
 .debug_abbrev  0x000026f7      0x236 /home/francisco/Workspace/riot_unity/tests/xtimer/bin/samr21-xpro/periph.a(pm.o)
 .debug_abbrev  0x0000292d      0x382 /home/francisco/Workspace/riot_unity/tests/xtimer/bin/samr21-xpro/periph.a(timer.o)
 .debug_abbrev  0x00002caf      0x3e9 /home/francisco/Workspace/riot_unity/tests/xtimer/bin/samr21-xpro/sam0_common_periph.a(uart.o)
 .debug_abbrev  0x00003098      0x3d9 /home/francisco/Workspace/riot_unity/tests/xtimer/bin/samr21-xpro/sam0_common_periph.a(gpio.o)
 .debug_abbrev  0x00003471      0x15e /home/francisco/Workspace/riot_unity/tests/xtimer/bin/samr21-xpro/tsrb.a(tsrb.o)
 .debug_abbrev  0x000035cf      0x299 /home/francisco/Workspace/riot_unity/tests/xtimer/bin/samr21-xpro/unity.a(auto_main.o)
 .debug_abbrev  0x00003868      0x45a /home/francisco/Workspace/riot_unity/tests/xtimer/bin/samr21-xpro/unity.a(unity.o)
 .debug_abbrev  0x00003cc2      0x4e1 /home/francisco/Workspace/riot_unity/tests/xtimer/bin/samr21-xpro/unity.a(test_cases.o)
 .debug_abbrev  0x000041a3      0x410 /home/francisco/Workspace/riot_unity/tests/xtimer/bin/samr21-xpro/xtimer.a(xtimer.o)
 .debug_abbrev  0x000045b3       0x2d /home/francisco/Workspace/riot_unity/tests/xtimer/bin/samr21-xpro/periph_common.a(init.o)
 .debug_abbrev  0x000045e0      0x21e /home/francisco/Workspace/riot_unity/tests/xtimer/bin/samr21-xpro/auto_init.a(auto_init.o)
 .debug_abbrev  0x000047fe      0x1ff /home/francisco/Workspace/riot_unity/tests/xtimer/bin/samr21-xpro/core.a(mutex.o)
 .debug_abbrev  0x000049fd      0x356 /home/francisco/Workspace/riot_unity/tests/xtimer/bin/samr21-xpro/core.a(msg.o)
 .debug_abbrev  0x00004d53      0x1a7 /home/francisco/Workspace/riot_unity/tests/xtimer/bin/samr21-xpro/cortexm_common.a(cortexm_init.o)

.debug_aranges  0x00000000      0x980
 .debug_aranges
                0x00000000       0x20 /home/francisco/Workspace/riot_unity/tests/xtimer/bin/samr21-xpro/cpu/vectors.o
 .debug_aranges
                0x00000020       0xa8 /home/francisco/Workspace/riot_unity/tests/xtimer/bin/samr21-xpro/newlib_syscalls_default/syscalls.o
 .debug_aranges
                0x000000c8       0x38 /home/francisco/Workspace/riot_unity/tests/xtimer/bin/samr21-xpro/core.a(sched.o)
 .debug_aranges
                0x00000100       0x30 /home/francisco/Workspace/riot_unity/tests/xtimer/bin/samr21-xpro/core.a(bitarithm.o)
 .debug_aranges
                0x00000130       0x60 /home/francisco/Workspace/riot_unity/tests/xtimer/bin/samr21-xpro/cortexm_common.a(thread_arch.o)
 .debug_aranges
                0x00000190       0x48 /home/francisco/Workspace/riot_unity/tests/xtimer/bin/samr21-xpro/cortexm_common.a(vectors_cortexm.o)
 .debug_aranges
                0x000001d8       0x38 /home/francisco/Workspace/riot_unity/tests/xtimer/bin/samr21-xpro/cortexm_common.a(irq_arch.o)
 .debug_aranges
                0x00000210       0x38 /home/francisco/Workspace/riot_unity/tests/xtimer/bin/samr21-xpro/pm_layered.a(pm.o)
 .debug_aranges
                0x00000248       0x30 /home/francisco/Workspace/riot_unity/tests/xtimer/bin/samr21-xpro/uart_stdio.a(uart_stdio.o)
 .debug_aranges
                0x00000278       0x78 /home/francisco/Workspace/riot_unity/tests/xtimer/bin/samr21-xpro/xtimer.a(xtimer_core.o)
 .debug_aranges
                0x000002f0       0x20 /home/francisco/Workspace/riot_unity/tests/xtimer/bin/samr21-xpro/board.a(board.o)
 .debug_aranges
                0x00000310       0x28 /home/francisco/Workspace/riot_unity/tests/xtimer/bin/samr21-xpro/core.a(panic.o)
 .debug_aranges
                0x00000338       0x30 /home/francisco/Workspace/riot_unity/tests/xtimer/bin/samr21-xpro/core.a(kernel_init.o)
 .debug_aranges
                0x00000368       0x60 /home/francisco/Workspace/riot_unity/tests/xtimer/bin/samr21-xpro/core.a(thread.o)
 .debug_aranges
                0x000003c8       0x20 /home/francisco/Workspace/riot_unity/tests/xtimer/bin/samr21-xpro/cpu.a(cpu.o)
 .debug_aranges
                0x000003e8       0x48 /home/francisco/Workspace/riot_unity/tests/xtimer/bin/samr21-xpro/isrpipe.a(isrpipe.o)
 .debug_aranges
                0x00000430       0x20 /home/francisco/Workspace/riot_unity/tests/xtimer/bin/samr21-xpro/periph.a(pm.o)
 .debug_aranges
                0x00000450       0x58 /home/francisco/Workspace/riot_unity/tests/xtimer/bin/samr21-xpro/periph.a(timer.o)
 .debug_aranges
                0x000004a8       0x50 /home/francisco/Workspace/riot_unity/tests/xtimer/bin/samr21-xpro/sam0_common_periph.a(uart.o)
 .debug_aranges
                0x000004f8       0x70 /home/francisco/Workspace/riot_unity/tests/xtimer/bin/samr21-xpro/sam0_common_periph.a(gpio.o)
 .debug_aranges
                0x00000568       0x38 /home/francisco/Workspace/riot_unity/tests/xtimer/bin/samr21-xpro/tsrb.a(tsrb.o)
 .debug_aranges
                0x000005a0       0x28 /home/francisco/Workspace/riot_unity/tests/xtimer/bin/samr21-xpro/unity.a(auto_main.o)
 .debug_aranges
                0x000005c8      0x140 /home/francisco/Workspace/riot_unity/tests/xtimer/bin/samr21-xpro/unity.a(unity.o)
 .debug_aranges
                0x00000708       0xc8 /home/francisco/Workspace/riot_unity/tests/xtimer/bin/samr21-xpro/unity.a(test_cases.o)
 .debug_aranges
                0x000007d0       0x90 /home/francisco/Workspace/riot_unity/tests/xtimer/bin/samr21-xpro/xtimer.a(xtimer.o)
 .debug_aranges
                0x00000860       0x20 /home/francisco/Workspace/riot_unity/tests/xtimer/bin/samr21-xpro/periph_common.a(init.o)
 .debug_aranges
                0x00000880       0x20 /home/francisco/Workspace/riot_unity/tests/xtimer/bin/samr21-xpro/auto_init.a(auto_init.o)
 .debug_aranges
                0x000008a0       0x30 /home/francisco/Workspace/riot_unity/tests/xtimer/bin/samr21-xpro/core.a(mutex.o)
 .debug_aranges
                0x000008d0       0x90 /home/francisco/Workspace/riot_unity/tests/xtimer/bin/samr21-xpro/core.a(msg.o)
 .debug_aranges
                0x00000960       0x20 /home/francisco/Workspace/riot_unity/tests/xtimer/bin/samr21-xpro/cortexm_common.a(cortexm_init.o)

.debug_ranges   0x00000000      0xe98
 .debug_ranges  0x00000000       0x10 /home/francisco/Workspace/riot_unity/tests/xtimer/bin/samr21-xpro/cpu/vectors.o
 .debug_ranges  0x00000010       0x98 /home/francisco/Workspace/riot_unity/tests/xtimer/bin/samr21-xpro/newlib_syscalls_default/syscalls.o
 .debug_ranges  0x000000a8       0x58 /home/francisco/Workspace/riot_unity/tests/xtimer/bin/samr21-xpro/core.a(sched.o)
 .debug_ranges  0x00000100       0x20 /home/francisco/Workspace/riot_unity/tests/xtimer/bin/samr21-xpro/core.a(bitarithm.o)
 .debug_ranges  0x00000120       0x68 /home/francisco/Workspace/riot_unity/tests/xtimer/bin/samr21-xpro/cortexm_common.a(thread_arch.o)
 .debug_ranges  0x00000188       0x38 /home/francisco/Workspace/riot_unity/tests/xtimer/bin/samr21-xpro/cortexm_common.a(vectors_cortexm.o)
 .debug_ranges  0x000001c0       0x28 /home/francisco/Workspace/riot_unity/tests/xtimer/bin/samr21-xpro/cortexm_common.a(irq_arch.o)
 .debug_ranges  0x000001e8       0x28 /home/francisco/Workspace/riot_unity/tests/xtimer/bin/samr21-xpro/pm_layered.a(pm.o)
 .debug_ranges  0x00000210       0x20 /home/francisco/Workspace/riot_unity/tests/xtimer/bin/samr21-xpro/uart_stdio.a(uart_stdio.o)
 .debug_ranges  0x00000230      0x1a8 /home/francisco/Workspace/riot_unity/tests/xtimer/bin/samr21-xpro/xtimer.a(xtimer_core.o)
 .debug_ranges  0x000003d8       0x10 /home/francisco/Workspace/riot_unity/tests/xtimer/bin/samr21-xpro/board.a(board.o)
 .debug_ranges  0x000003e8       0x18 /home/francisco/Workspace/riot_unity/tests/xtimer/bin/samr21-xpro/core.a(panic.o)
 .debug_ranges  0x00000400       0x20 /home/francisco/Workspace/riot_unity/tests/xtimer/bin/samr21-xpro/core.a(kernel_init.o)
 .debug_ranges  0x00000420       0x68 /home/francisco/Workspace/riot_unity/tests/xtimer/bin/samr21-xpro/core.a(thread.o)
 .debug_ranges  0x00000488       0x28 /home/francisco/Workspace/riot_unity/tests/xtimer/bin/samr21-xpro/cpu.a(cpu.o)
 .debug_ranges  0x000004b0       0x68 /home/francisco/Workspace/riot_unity/tests/xtimer/bin/samr21-xpro/isrpipe.a(isrpipe.o)
 .debug_ranges  0x00000518       0x10 /home/francisco/Workspace/riot_unity/tests/xtimer/bin/samr21-xpro/periph.a(pm.o)
 .debug_ranges  0x00000528       0x60 /home/francisco/Workspace/riot_unity/tests/xtimer/bin/samr21-xpro/periph.a(timer.o)
 .debug_ranges  0x00000588      0x128 /home/francisco/Workspace/riot_unity/tests/xtimer/bin/samr21-xpro/sam0_common_periph.a(uart.o)
 .debug_ranges  0x000006b0      0x120 /home/francisco/Workspace/riot_unity/tests/xtimer/bin/samr21-xpro/sam0_common_periph.a(gpio.o)
 .debug_ranges  0x000007d0       0x78 /home/francisco/Workspace/riot_unity/tests/xtimer/bin/samr21-xpro/tsrb.a(tsrb.o)
 .debug_ranges  0x00000848       0x18 /home/francisco/Workspace/riot_unity/tests/xtimer/bin/samr21-xpro/unity.a(auto_main.o)
 .debug_ranges  0x00000860      0x148 /home/francisco/Workspace/riot_unity/tests/xtimer/bin/samr21-xpro/unity.a(unity.o)
 .debug_ranges  0x000009a8      0x1b0 /home/francisco/Workspace/riot_unity/tests/xtimer/bin/samr21-xpro/unity.a(test_cases.o)
 .debug_ranges  0x00000b58      0x160 /home/francisco/Workspace/riot_unity/tests/xtimer/bin/samr21-xpro/xtimer.a(xtimer.o)
 .debug_ranges  0x00000cb8       0x10 /home/francisco/Workspace/riot_unity/tests/xtimer/bin/samr21-xpro/periph_common.a(init.o)
 .debug_ranges  0x00000cc8       0x10 /home/francisco/Workspace/riot_unity/tests/xtimer/bin/samr21-xpro/auto_init.a(auto_init.o)
 .debug_ranges  0x00000cd8       0x50 /home/francisco/Workspace/riot_unity/tests/xtimer/bin/samr21-xpro/core.a(mutex.o)
 .debug_ranges  0x00000d28       0xe8 /home/francisco/Workspace/riot_unity/tests/xtimer/bin/samr21-xpro/core.a(msg.o)
 .debug_ranges  0x00000e10       0x88 /home/francisco/Workspace/riot_unity/tests/xtimer/bin/samr21-xpro/cortexm_common.a(cortexm_init.o)

.debug_macro    0x00000000    0x2bf12
 .debug_macro   0x00000000      0x301 /home/francisco/Workspace/riot_unity/tests/xtimer/bin/samr21-xpro/cpu/vectors.o
 .debug_macro   0x00000301      0x820 /home/francisco/Workspace/riot_unity/tests/xtimer/bin/samr21-xpro/cpu/vectors.o
 .debug_macro   0x00000b21       0xf4 /home/francisco/Workspace/riot_unity/tests/xtimer/bin/samr21-xpro/cpu/vectors.o
 .debug_macro   0x00000c15       0x22 /home/francisco/Workspace/riot_unity/tests/xtimer/bin/samr21-xpro/cpu/vectors.o
 .debug_macro   0x00000c37       0x4f /home/francisco/Workspace/riot_unity/tests/xtimer/bin/samr21-xpro/cpu/vectors.o
 .debug_macro   0x00000c86       0x44 /home/francisco/Workspace/riot_unity/tests/xtimer/bin/samr21-xpro/cpu/vectors.o
 .debug_macro   0x00000cca       0xfd /home/francisco/Workspace/riot_unity/tests/xtimer/bin/samr21-xpro/cpu/vectors.o
 .debug_macro   0x00000dc7       0x5e /home/francisco/Workspace/riot_unity/tests/xtimer/bin/samr21-xpro/cpu/vectors.o
 .debug_macro   0x00000e25      0x1df /home/francisco/Workspace/riot_unity/tests/xtimer/bin/samr21-xpro/cpu/vectors.o
 .debug_macro   0x00001004       0x22 /home/francisco/Workspace/riot_unity/tests/xtimer/bin/samr21-xpro/cpu/vectors.o
 .debug_macro   0x00001026       0x40 /home/francisco/Workspace/riot_unity/tests/xtimer/bin/samr21-xpro/cpu/vectors.o
 .debug_macro   0x00001066       0x3a /home/francisco/Workspace/riot_unity/tests/xtimer/bin/samr21-xpro/cpu/vectors.o
 .debug_macro   0x000010a0       0x26 /home/francisco/Workspace/riot_unity/tests/xtimer/bin/samr21-xpro/cpu/vectors.o
 .debug_macro   0x000010c6      0x329 /home/francisco/Workspace/riot_unity/tests/xtimer/bin/samr21-xpro/cpu/vectors.o
 .debug_macro   0x000013ef      0x682 /home/francisco/Workspace/riot_unity/tests/xtimer/bin/samr21-xpro/cpu/vectors.o
 .debug_macro   0x00001a71      0x8bf /home/francisco/Workspace/riot_unity/tests/xtimer/bin/samr21-xpro/cpu/vectors.o
 .debug_macro   0x00002330      0xd6a /home/francisco/Workspace/riot_unity/tests/xtimer/bin/samr21-xpro/cpu/vectors.o
 .debug_macro   0x0000309a      0x4ce /home/francisco/Workspace/riot_unity/tests/xtimer/bin/samr21-xpro/cpu/vectors.o
 .debug_macro   0x00003568      0x9f8 /home/francisco/Workspace/riot_unity/tests/xtimer/bin/samr21-xpro/cpu/vectors.o
 .debug_macro   0x00003f60      0x82b /home/francisco/Workspace/riot_unity/tests/xtimer/bin/samr21-xpro/cpu/vectors.o
 .debug_macro   0x0000478b      0x45f /home/francisco/Workspace/riot_unity/tests/xtimer/bin/samr21-xpro/cpu/vectors.o
 .debug_macro   0x00004bea       0x5e /home/francisco/Workspace/riot_unity/tests/xtimer/bin/samr21-xpro/cpu/vectors.o
 .debug_macro   0x00004c48      0x225 /home/francisco/Workspace/riot_unity/tests/xtimer/bin/samr21-xpro/cpu/vectors.o
 .debug_macro   0x00004e6d      0x797 /home/francisco/Workspace/riot_unity/tests/xtimer/bin/samr21-xpro/cpu/vectors.o
 .debug_macro   0x00005604       0x5e /home/francisco/Workspace/riot_unity/tests/xtimer/bin/samr21-xpro/cpu/vectors.o
 .debug_macro   0x00005662      0x60a /home/francisco/Workspace/riot_unity/tests/xtimer/bin/samr21-xpro/cpu/vectors.o
 .debug_macro   0x00005c6c      0x3b6 /home/francisco/Workspace/riot_unity/tests/xtimer/bin/samr21-xpro/cpu/vectors.o
 .debug_macro   0x00006022       0x94 /home/francisco/Workspace/riot_unity/tests/xtimer/bin/samr21-xpro/cpu/vectors.o
 .debug_macro   0x000060b6      0xc55 /home/francisco/Workspace/riot_unity/tests/xtimer/bin/samr21-xpro/cpu/vectors.o
 .debug_macro   0x00006d0b     0x1092 /home/francisco/Workspace/riot_unity/tests/xtimer/bin/samr21-xpro/cpu/vectors.o
 .debug_macro   0x00007d9d      0xc4a /home/francisco/Workspace/riot_unity/tests/xtimer/bin/samr21-xpro/cpu/vectors.o
 .debug_macro   0x000089e7      0x6bf /home/francisco/Workspace/riot_unity/tests/xtimer/bin/samr21-xpro/cpu/vectors.o
 .debug_macro   0x000090a6     0x1b4b /home/francisco/Workspace/riot_unity/tests/xtimer/bin/samr21-xpro/cpu/vectors.o
 .debug_macro   0x0000abf1     0x144a /home/francisco/Workspace/riot_unity/tests/xtimer/bin/samr21-xpro/cpu/vectors.o
 .debug_macro   0x0000c03b      0x34e /home/francisco/Workspace/riot_unity/tests/xtimer/bin/samr21-xpro/cpu/vectors.o
 .debug_macro   0x0000c389       0x7c /home/francisco/Workspace/riot_unity/tests/xtimer/bin/samr21-xpro/cpu/vectors.o
 .debug_macro   0x0000c405       0xa0 /home/francisco/Workspace/riot_unity/tests/xtimer/bin/samr21-xpro/cpu/vectors.o
 .debug_macro   0x0000c4a5       0xca /home/francisco/Workspace/riot_unity/tests/xtimer/bin/samr21-xpro/cpu/vectors.o
 .debug_macro   0x0000c56f       0x94 /home/francisco/Workspace/riot_unity/tests/xtimer/bin/samr21-xpro/cpu/vectors.o
 .debug_macro   0x0000c603       0x58 /home/francisco/Workspace/riot_unity/tests/xtimer/bin/samr21-xpro/cpu/vectors.o
 .debug_macro   0x0000c65b      0x364 /home/francisco/Workspace/riot_unity/tests/xtimer/bin/samr21-xpro/cpu/vectors.o
 .debug_macro   0x0000c9bf       0x82 /home/francisco/Workspace/riot_unity/tests/xtimer/bin/samr21-xpro/cpu/vectors.o
 .debug_macro   0x0000ca41      0x197 /home/francisco/Workspace/riot_unity/tests/xtimer/bin/samr21-xpro/cpu/vectors.o
 .debug_macro   0x0000cbd8       0xa0 /home/francisco/Workspace/riot_unity/tests/xtimer/bin/samr21-xpro/cpu/vectors.o
 .debug_macro   0x0000cc78       0xb2 /home/francisco/Workspace/riot_unity/tests/xtimer/bin/samr21-xpro/cpu/vectors.o
 .debug_macro   0x0000cd2a       0x1c /home/francisco/Workspace/riot_unity/tests/xtimer/bin/samr21-xpro/cpu/vectors.o
 .debug_macro   0x0000cd46       0x1c /home/francisco/Workspace/riot_unity/tests/xtimer/bin/samr21-xpro/cpu/vectors.o
 .debug_macro   0x0000cd62       0x1c /home/francisco/Workspace/riot_unity/tests/xtimer/bin/samr21-xpro/cpu/vectors.o
 .debug_macro   0x0000cd7e       0x7c /home/francisco/Workspace/riot_unity/tests/xtimer/bin/samr21-xpro/cpu/vectors.o
 .debug_macro   0x0000cdfa      0x1c6 /home/francisco/Workspace/riot_unity/tests/xtimer/bin/samr21-xpro/cpu/vectors.o
 .debug_macro   0x0000cfc0       0x16 /home/francisco/Workspace/riot_unity/tests/xtimer/bin/samr21-xpro/cpu/vectors.o
 .debug_macro   0x0000cfd6       0xdc /home/francisco/Workspace/riot_unity/tests/xtimer/bin/samr21-xpro/cpu/vectors.o
 .debug_macro   0x0000d0b2      0x12f /home/francisco/Workspace/riot_unity/tests/xtimer/bin/samr21-xpro/cpu/vectors.o
 .debug_macro   0x0000d1e1      0x12f /home/francisco/Workspace/riot_unity/tests/xtimer/bin/samr21-xpro/cpu/vectors.o
 .debug_macro   0x0000d310      0x12f /home/francisco/Workspace/riot_unity/tests/xtimer/bin/samr21-xpro/cpu/vectors.o
 .debug_macro   0x0000d43f      0x12f /home/francisco/Workspace/riot_unity/tests/xtimer/bin/samr21-xpro/cpu/vectors.o
 .debug_macro   0x0000d56e      0x12f /home/francisco/Workspace/riot_unity/tests/xtimer/bin/samr21-xpro/cpu/vectors.o
 .debug_macro   0x0000d69d      0x12f /home/francisco/Workspace/riot_unity/tests/xtimer/bin/samr21-xpro/cpu/vectors.o
 .debug_macro   0x0000d7cc      0x11e /home/francisco/Workspace/riot_unity/tests/xtimer/bin/samr21-xpro/cpu/vectors.o
 .debug_macro   0x0000d8ea       0xe2 /home/francisco/Workspace/riot_unity/tests/xtimer/bin/samr21-xpro/cpu/vectors.o
 .debug_macro   0x0000d9cc       0xe2 /home/francisco/Workspace/riot_unity/tests/xtimer/bin/samr21-xpro/cpu/vectors.o
 .debug_macro   0x0000daae       0xe2 /home/francisco/Workspace/riot_unity/tests/xtimer/bin/samr21-xpro/cpu/vectors.o
 .debug_macro   0x0000db90      0x12c /home/francisco/Workspace/riot_unity/tests/xtimer/bin/samr21-xpro/cpu/vectors.o
 .debug_macro   0x0000dcbc      0x100 /home/francisco/Workspace/riot_unity/tests/xtimer/bin/samr21-xpro/cpu/vectors.o
 .debug_macro   0x0000ddbc       0xf4 /home/francisco/Workspace/riot_unity/tests/xtimer/bin/samr21-xpro/cpu/vectors.o
 .debug_macro   0x0000deb0      0x40f /home/francisco/Workspace/riot_unity/tests/xtimer/bin/samr21-xpro/cpu/vectors.o
 .debug_macro   0x0000e2bf       0x40 /home/francisco/Workspace/riot_unity/tests/xtimer/bin/samr21-xpro/cpu/vectors.o
 .debug_macro   0x0000e2ff      0x345 /home/francisco/Workspace/riot_unity/tests/xtimer/bin/samr21-xpro/cpu/vectors.o
 .debug_macro   0x0000e644     0x174b /home/francisco/Workspace/riot_unity/tests/xtimer/bin/samr21-xpro/cpu/vectors.o
 .debug_macro   0x0000fd8f       0x74 /home/francisco/Workspace/riot_unity/tests/xtimer/bin/samr21-xpro/cpu/vectors.o
 .debug_macro   0x0000fe03       0x2e /home/francisco/Workspace/riot_unity/tests/xtimer/bin/samr21-xpro/cpu/vectors.o
 .debug_macro   0x0000fe31       0x16 /home/francisco/Workspace/riot_unity/tests/xtimer/bin/samr21-xpro/cpu/vectors.o
 .debug_macro   0x0000fe47      0x6c1 /home/francisco/Workspace/riot_unity/tests/xtimer/bin/samr21-xpro/newlib_syscalls_default/syscalls.o
 .debug_macro   0x00010508      0x820 /home/francisco/Workspace/riot_unity/tests/xtimer/bin/samr21-xpro/newlib_syscalls_default/syscalls.o
 .debug_macro   0x00010d28       0x40 /home/francisco/Workspace/riot_unity/tests/xtimer/bin/samr21-xpro/newlib_syscalls_default/syscalls.o
 .debug_macro   0x00010d68       0x55 /home/francisco/Workspace/riot_unity/tests/xtimer/bin/samr21-xpro/newlib_syscalls_default/syscalls.o
 .debug_macro   0x00010dbd       0x3c /home/francisco/Workspace/riot_unity/tests/xtimer/bin/samr21-xpro/newlib_syscalls_default/syscalls.o
 .debug_macro   0x00010df9       0x9c /home/francisco/Workspace/riot_unity/tests/xtimer/bin/samr21-xpro/newlib_syscalls_default/syscalls.o
 .debug_macro   0x00010e95       0x10 /home/francisco/Workspace/riot_unity/tests/xtimer/bin/samr21-xpro/newlib_syscalls_default/syscalls.o
 .debug_macro   0x00010ea5       0x4a /home/francisco/Workspace/riot_unity/tests/xtimer/bin/samr21-xpro/newlib_syscalls_default/syscalls.o
 .debug_macro   0x00010eef       0xcf /home/francisco/Workspace/riot_unity/tests/xtimer/bin/samr21-xpro/newlib_syscalls_default/syscalls.o
 .debug_macro   0x00010fbe      0x330 /home/francisco/Workspace/riot_unity/tests/xtimer/bin/samr21-xpro/newlib_syscalls_default/syscalls.o
 .debug_macro   0x000112ee       0x10 /home/francisco/Workspace/riot_unity/tests/xtimer/bin/samr21-xpro/newlib_syscalls_default/syscalls.o
 .debug_macro   0x000112fe       0xb7 /home/francisco/Workspace/riot_unity/tests/xtimer/bin/samr21-xpro/newlib_syscalls_default/syscalls.o
 .debug_macro   0x000113b5       0x52 /home/francisco/Workspace/riot_unity/tests/xtimer/bin/samr21-xpro/newlib_syscalls_default/syscalls.o
 .debug_macro   0x00011407       0x1f /home/francisco/Workspace/riot_unity/tests/xtimer/bin/samr21-xpro/newlib_syscalls_default/syscalls.o
 .debug_macro   0x00011426       0x43 /home/francisco/Workspace/riot_unity/tests/xtimer/bin/samr21-xpro/newlib_syscalls_default/syscalls.o
 .debug_macro   0x00011469       0x20 /home/francisco/Workspace/riot_unity/tests/xtimer/bin/samr21-xpro/newlib_syscalls_default/syscalls.o
 .debug_macro   0x00011489       0xb6 /home/francisco/Workspace/riot_unity/tests/xtimer/bin/samr21-xpro/newlib_syscalls_default/syscalls.o
 .debug_macro   0x0001153f      0x4f7 /home/francisco/Workspace/riot_unity/tests/xtimer/bin/samr21-xpro/newlib_syscalls_default/syscalls.o
 .debug_macro   0x00011a36      0x1a3 /home/francisco/Workspace/riot_unity/tests/xtimer/bin/samr21-xpro/newlib_syscalls_default/syscalls.o
 .debug_macro   0x00011bd9       0x10 /home/francisco/Workspace/riot_unity/tests/xtimer/bin/samr21-xpro/newlib_syscalls_default/syscalls.o
 .debug_macro   0x00011be9       0x35 /home/francisco/Workspace/riot_unity/tests/xtimer/bin/samr21-xpro/newlib_syscalls_default/syscalls.o
 .debug_macro   0x00011c1e       0x10 /home/francisco/Workspace/riot_unity/tests/xtimer/bin/samr21-xpro/newlib_syscalls_default/syscalls.o
 .debug_macro   0x00011c2e      0x241 /home/francisco/Workspace/riot_unity/tests/xtimer/bin/samr21-xpro/newlib_syscalls_default/syscalls.o
 .debug_macro   0x00011e6f       0x16 /home/francisco/Workspace/riot_unity/tests/xtimer/bin/samr21-xpro/newlib_syscalls_default/syscalls.o
 .debug_macro   0x00011e85       0x10 /home/francisco/Workspace/riot_unity/tests/xtimer/bin/samr21-xpro/newlib_syscalls_default/syscalls.o
 .debug_macro   0x00011e95       0x16 /home/francisco/Workspace/riot_unity/tests/xtimer/bin/samr21-xpro/newlib_syscalls_default/syscalls.o
 .debug_macro   0x00011eab      0x11b /home/francisco/Workspace/riot_unity/tests/xtimer/bin/samr21-xpro/newlib_syscalls_default/syscalls.o
 .debug_macro   0x00011fc6       0x16 /home/francisco/Workspace/riot_unity/tests/xtimer/bin/samr21-xpro/newlib_syscalls_default/syscalls.o
 .debug_macro   0x00011fdc       0x22 /home/francisco/Workspace/riot_unity/tests/xtimer/bin/samr21-xpro/newlib_syscalls_default/syscalls.o
 .debug_macro   0x00011ffe       0x16 /home/francisco/Workspace/riot_unity/tests/xtimer/bin/samr21-xpro/newlib_syscalls_default/syscalls.o
 .debug_macro   0x00012014       0x16 /home/francisco/Workspace/riot_unity/tests/xtimer/bin/samr21-xpro/newlib_syscalls_default/syscalls.o
 .debug_macro   0x0001202a       0x10 /home/francisco/Workspace/riot_unity/tests/xtimer/bin/samr21-xpro/newlib_syscalls_default/syscalls.o
 .debug_macro   0x0001203a       0x10 /home/francisco/Workspace/riot_unity/tests/xtimer/bin/samr21-xpro/newlib_syscalls_default/syscalls.o
 .debug_macro   0x0001204a       0x2e /home/francisco/Workspace/riot_unity/tests/xtimer/bin/samr21-xpro/newlib_syscalls_default/syscalls.o
 .debug_macro   0x00012078       0xf5 /home/francisco/Workspace/riot_unity/tests/xtimer/bin/samr21-xpro/newlib_syscalls_default/syscalls.o
 .debug_macro   0x0001216d       0x22 /home/francisco/Workspace/riot_unity/tests/xtimer/bin/samr21-xpro/newlib_syscalls_default/syscalls.o
 .debug_macro   0x0001218f       0x2f /home/francisco/Workspace/riot_unity/tests/xtimer/bin/samr21-xpro/newlib_syscalls_default/syscalls.o
 .debug_macro   0x000121be       0xdc /home/francisco/Workspace/riot_unity/tests/xtimer/bin/samr21-xpro/newlib_syscalls_default/syscalls.o
 .debug_macro   0x0001229a       0x10 /home/francisco/Workspace/riot_unity/tests/xtimer/bin/samr21-xpro/newlib_syscalls_default/syscalls.o
 .debug_macro   0x000122aa      0x45d /home/francisco/Workspace/riot_unity/tests/xtimer/bin/samr21-xpro/newlib_syscalls_default/syscalls.o
 .debug_macro   0x00012707       0x2b /home/francisco/Workspace/riot_unity/tests/xtimer/bin/samr21-xpro/newlib_syscalls_default/syscalls.o
 .debug_macro   0x00012732       0xee /home/francisco/Workspace/riot_unity/tests/xtimer/bin/samr21-xpro/newlib_syscalls_default/syscalls.o
 .debug_macro   0x00012820       0x28 /home/francisco/Workspace/riot_unity/tests/xtimer/bin/samr21-xpro/newlib_syscalls_default/syscalls.o
 .debug_macro   0x00012848       0x12 /home/francisco/Workspace/riot_unity/tests/xtimer/bin/samr21-xpro/newlib_syscalls_default/syscalls.o
 .debug_macro   0x0001285a       0x9e /home/francisco/Workspace/riot_unity/tests/xtimer/bin/samr21-xpro/newlib_syscalls_default/syscalls.o
 .debug_macro   0x000128f8       0x10 /home/francisco/Workspace/riot_unity/tests/xtimer/bin/samr21-xpro/newlib_syscalls_default/syscalls.o
 .debug_macro   0x00012908       0x60 /home/francisco/Workspace/riot_unity/tests/xtimer/bin/samr21-xpro/newlib_syscalls_default/syscalls.o
 .debug_macro   0x00012968       0x10 /home/francisco/Workspace/riot_unity/tests/xtimer/bin/samr21-xpro/newlib_syscalls_default/syscalls.o
 .debug_macro   0x00012978      0x199 /home/francisco/Workspace/riot_unity/tests/xtimer/bin/samr21-xpro/newlib_syscalls_default/syscalls.o
 .debug_macro   0x00012b11       0x4c /home/francisco/Workspace/riot_unity/tests/xtimer/bin/samr21-xpro/newlib_syscalls_default/syscalls.o
 .debug_macro   0x00012b5d       0x34 /home/francisco/Workspace/riot_unity/tests/xtimer/bin/samr21-xpro/newlib_syscalls_default/syscalls.o
 .debug_macro   0x00012b91       0x10 /home/francisco/Workspace/riot_unity/tests/xtimer/bin/samr21-xpro/newlib_syscalls_default/syscalls.o
 .debug_macro   0x00012ba1       0x1c /home/francisco/Workspace/riot_unity/tests/xtimer/bin/samr21-xpro/newlib_syscalls_default/syscalls.o
 .debug_macro   0x00012bbd       0x10 /home/francisco/Workspace/riot_unity/tests/xtimer/bin/samr21-xpro/newlib_syscalls_default/syscalls.o
 .debug_macro   0x00012bcd       0x43 /home/francisco/Workspace/riot_unity/tests/xtimer/bin/samr21-xpro/newlib_syscalls_default/syscalls.o
 .debug_macro   0x00012c10       0x1c /home/francisco/Workspace/riot_unity/tests/xtimer/bin/samr21-xpro/newlib_syscalls_default/syscalls.o
 .debug_macro   0x00012c2c       0x34 /home/francisco/Workspace/riot_unity/tests/xtimer/bin/samr21-xpro/newlib_syscalls_default/syscalls.o
 .debug_macro   0x00012c60       0x16 /home/francisco/Workspace/riot_unity/tests/xtimer/bin/samr21-xpro/newlib_syscalls_default/syscalls.o
 .debug_macro   0x00012c76       0x4a /home/francisco/Workspace/riot_unity/tests/xtimer/bin/samr21-xpro/newlib_syscalls_default/syscalls.o
 .debug_macro   0x00012cc0       0x10 /home/francisco/Workspace/riot_unity/tests/xtimer/bin/samr21-xpro/newlib_syscalls_default/syscalls.o
 .debug_macro   0x00012cd0       0x10 /home/francisco/Workspace/riot_unity/tests/xtimer/bin/samr21-xpro/newlib_syscalls_default/syscalls.o
 .debug_macro   0x00012ce0      0x51b /home/francisco/Workspace/riot_unity/tests/xtimer/bin/samr21-xpro/core.a(sched.o)
 .debug_macro   0x000131fb      0x820 /home/francisco/Workspace/riot_unity/tests/xtimer/bin/samr21-xpro/core.a(sched.o)
 .debug_macro   0x00013a1b      0x16d /home/francisco/Workspace/riot_unity/tests/xtimer/bin/samr21-xpro/core.a(sched.o)
 .debug_macro   0x00013b88       0x46 /home/francisco/Workspace/riot_unity/tests/xtimer/bin/samr21-xpro/core.a(sched.o)
 .debug_macro   0x00013bce       0x25 /home/francisco/Workspace/riot_unity/tests/xtimer/bin/samr21-xpro/core.a(sched.o)
 .debug_macro   0x00013bf3       0xa2 /home/francisco/Workspace/riot_unity/tests/xtimer/bin/samr21-xpro/core.a(sched.o)
 .debug_macro   0x00013c95       0x2e /home/francisco/Workspace/riot_unity/tests/xtimer/bin/samr21-xpro/core.a(sched.o)
 .debug_macro   0x00013cc3      0x130 /home/francisco/Workspace/riot_unity/tests/xtimer/bin/samr21-xpro/core.a(sched.o)
 .debug_macro   0x00013df3       0x1c /home/francisco/Workspace/riot_unity/tests/xtimer/bin/samr21-xpro/core.a(sched.o)
 .debug_macro   0x00013e0f      0x12e /home/francisco/Workspace/riot_unity/tests/xtimer/bin/samr21-xpro/core.a(bitarithm.o)
 .debug_macro   0x00013f3d      0x820 /home/francisco/Workspace/riot_unity/tests/xtimer/bin/samr21-xpro/core.a(bitarithm.o)
 .debug_macro   0x0001475d       0x97 /home/francisco/Workspace/riot_unity/tests/xtimer/bin/samr21-xpro/core.a(bitarithm.o)
 .debug_macro   0x000147f4       0xf6 /home/francisco/Workspace/riot_unity/tests/xtimer/bin/samr21-xpro/core.a(bitarithm.o)
 .debug_macro   0x000148ea      0x4fd /home/francisco/Workspace/riot_unity/tests/xtimer/bin/samr21-xpro/cortexm_common.a(thread_arch.o)
 .debug_macro   0x00014de7      0x820 /home/francisco/Workspace/riot_unity/tests/xtimer/bin/samr21-xpro/cortexm_common.a(thread_arch.o)
 .debug_macro   0x00015607       0x16 /home/francisco/Workspace/riot_unity/tests/xtimer/bin/samr21-xpro/cortexm_common.a(thread_arch.o)
 .debug_macro   0x0001561d      0x55b /home/francisco/Workspace/riot_unity/tests/xtimer/bin/samr21-xpro/cortexm_common.a(vectors_cortexm.o)
 .debug_macro   0x00015b78      0x820 /home/francisco/Workspace/riot_unity/tests/xtimer/bin/samr21-xpro/cortexm_common.a(vectors_cortexm.o)
 .debug_macro   0x00016398       0x16 /home/francisco/Workspace/riot_unity/tests/xtimer/bin/samr21-xpro/cortexm_common.a(vectors_cortexm.o)
 .debug_macro   0x000163ae       0x1c /home/francisco/Workspace/riot_unity/tests/xtimer/bin/samr21-xpro/cortexm_common.a(vectors_cortexm.o)
 .debug_macro   0x000163ca      0x4ed /home/francisco/Workspace/riot_unity/tests/xtimer/bin/samr21-xpro/cortexm_common.a(irq_arch.o)
 .debug_macro   0x000168b7      0x820 /home/francisco/Workspace/riot_unity/tests/xtimer/bin/samr21-xpro/cortexm_common.a(irq_arch.o)
 .debug_macro   0x000170d7      0x54b /home/francisco/Workspace/riot_unity/tests/xtimer/bin/samr21-xpro/pm_layered.a(pm.o)
 .debug_macro   0x00017622      0x820 /home/francisco/Workspace/riot_unity/tests/xtimer/bin/samr21-xpro/pm_layered.a(pm.o)
 .debug_macro   0x00017e42       0x5a /home/francisco/Workspace/riot_unity/tests/xtimer/bin/samr21-xpro/pm_layered.a(pm.o)
 .debug_macro   0x00017e9c      0x5a9 /home/francisco/Workspace/riot_unity/tests/xtimer/bin/samr21-xpro/uart_stdio.a(uart_stdio.o)
 .debug_macro   0x00018445      0x820 /home/francisco/Workspace/riot_unity/tests/xtimer/bin/samr21-xpro/uart_stdio.a(uart_stdio.o)
 .debug_macro   0x00018c65       0x16 /home/francisco/Workspace/riot_unity/tests/xtimer/bin/samr21-xpro/uart_stdio.a(uart_stdio.o)
 .debug_macro   0x00018c7b       0x10 /home/francisco/Workspace/riot_unity/tests/xtimer/bin/samr21-xpro/uart_stdio.a(uart_stdio.o)
 .debug_macro   0x00018c8b      0x5cf /home/francisco/Workspace/riot_unity/tests/xtimer/bin/samr21-xpro/xtimer.a(xtimer_core.o)
 .debug_macro   0x0001925a      0x820 /home/francisco/Workspace/riot_unity/tests/xtimer/bin/samr21-xpro/xtimer.a(xtimer_core.o)
 .debug_macro   0x00019a7a       0x10 /home/francisco/Workspace/riot_unity/tests/xtimer/bin/samr21-xpro/xtimer.a(xtimer_core.o)
 .debug_macro   0x00019a8a       0x1c /home/francisco/Workspace/riot_unity/tests/xtimer/bin/samr21-xpro/xtimer.a(xtimer_core.o)
 .debug_macro   0x00019aa6       0x16 /home/francisco/Workspace/riot_unity/tests/xtimer/bin/samr21-xpro/xtimer.a(xtimer_core.o)
 .debug_macro   0x00019abc      0x533 /home/francisco/Workspace/riot_unity/tests/xtimer/bin/samr21-xpro/board.a(board.o)
 .debug_macro   0x00019fef      0x820 /home/francisco/Workspace/riot_unity/tests/xtimer/bin/samr21-xpro/board.a(board.o)
 .debug_macro   0x0001a80f      0x542 /home/francisco/Workspace/riot_unity/tests/xtimer/bin/samr21-xpro/core.a(panic.o)
 .debug_macro   0x0001ad51      0x820 /home/francisco/Workspace/riot_unity/tests/xtimer/bin/samr21-xpro/core.a(panic.o)
 .debug_macro   0x0001b571      0x58a /home/francisco/Workspace/riot_unity/tests/xtimer/bin/samr21-xpro/core.a(kernel_init.o)
 .debug_macro   0x0001bafb      0x820 /home/francisco/Workspace/riot_unity/tests/xtimer/bin/samr21-xpro/core.a(kernel_init.o)
 .debug_macro   0x0001c31b      0x23b /home/francisco/Workspace/riot_unity/tests/xtimer/bin/samr21-xpro/core.a(kernel_init.o)
 .debug_macro   0x0001c556      0x51d /home/francisco/Workspace/riot_unity/tests/xtimer/bin/samr21-xpro/core.a(thread.o)
 .debug_macro   0x0001ca73      0x820 /home/francisco/Workspace/riot_unity/tests/xtimer/bin/samr21-xpro/core.a(thread.o)
 .debug_macro   0x0001d293      0x534 /home/francisco/Workspace/riot_unity/tests/xtimer/bin/samr21-xpro/cpu.a(cpu.o)
 .debug_macro   0x0001d7c7      0x820 /home/francisco/Workspace/riot_unity/tests/xtimer/bin/samr21-xpro/cpu.a(cpu.o)
 .debug_macro   0x0001dfe7      0x5ec /home/francisco/Workspace/riot_unity/tests/xtimer/bin/samr21-xpro/isrpipe.a(isrpipe.o)
 .debug_macro   0x0001e5d3      0x820 /home/francisco/Workspace/riot_unity/tests/xtimer/bin/samr21-xpro/isrpipe.a(isrpipe.o)
 .debug_macro   0x0001edf3       0x2e /home/francisco/Workspace/riot_unity/tests/xtimer/bin/samr21-xpro/isrpipe.a(isrpipe.o)
 .debug_macro   0x0001ee21      0x545 /home/francisco/Workspace/riot_unity/tests/xtimer/bin/samr21-xpro/periph.a(pm.o)
 .debug_macro   0x0001f366      0x820 /home/francisco/Workspace/riot_unity/tests/xtimer/bin/samr21-xpro/periph.a(pm.o)
 .debug_macro   0x0001fb86      0x580 /home/francisco/Workspace/riot_unity/tests/xtimer/bin/samr21-xpro/periph.a(timer.o)
 .debug_macro   0x00020106      0x820 /home/francisco/Workspace/riot_unity/tests/xtimer/bin/samr21-xpro/periph.a(timer.o)
 .debug_macro   0x00020926      0x10e /home/francisco/Workspace/riot_unity/tests/xtimer/bin/samr21-xpro/periph.a(timer.o)
 .debug_macro   0x00020a34       0x86 /home/francisco/Workspace/riot_unity/tests/xtimer/bin/samr21-xpro/periph.a(timer.o)
 .debug_macro   0x00020aba      0x554 /home/francisco/Workspace/riot_unity/tests/xtimer/bin/samr21-xpro/sam0_common_periph.a(uart.o)
 .debug_macro   0x0002100e      0x820 /home/francisco/Workspace/riot_unity/tests/xtimer/bin/samr21-xpro/sam0_common_periph.a(uart.o)
 .debug_macro   0x0002182e      0x19f /home/francisco/Workspace/riot_unity/tests/xtimer/bin/samr21-xpro/sam0_common_periph.a(uart.o)